Archive member included to satisfy reference by file (symbol)

/usr/share/gcc-arm-none-eabi-10.3-2021.10/bin/../lib/gcc/arm-none-eabi/10.3.1/thumb/v6-m/nofp/libgcc.a(_dvmd_tls.o)
                              CMakeFiles/microphone_dma.dir/home/lucasfrazao/pico-sdk/src/rp2_common/pico_divider/divider_hardware.S.o (__aeabi_idiv0)
/usr/share/gcc-arm-none-eabi-10.3-2021.10/bin/../lib/gcc/arm-none-eabi/10.3.1/../../../../arm-none-eabi/lib/thumb/v6-m/nofp/libg.a(lib_a-calloc.o)
                              CMakeFiles/microphone_dma.dir/home/lucasfrazao/pico-sdk/src/rp2_common/pico_malloc/malloc.c.o (calloc)
/usr/share/gcc-arm-none-eabi-10.3-2021.10/bin/../lib/gcc/arm-none-eabi/10.3.1/../../../../arm-none-eabi/lib/thumb/v6-m/nofp/libg.a(lib_a-callocr.o)
                              /usr/share/gcc-arm-none-eabi-10.3-2021.10/bin/../lib/gcc/arm-none-eabi/10.3.1/../../../../arm-none-eabi/lib/thumb/v6-m/nofp/libg.a(lib_a-calloc.o) (_calloc_r)
/usr/share/gcc-arm-none-eabi-10.3-2021.10/bin/../lib/gcc/arm-none-eabi/10.3.1/../../../../arm-none-eabi/lib/thumb/v6-m/nofp/libg.a(lib_a-ctype_.o)
                              CMakeFiles/microphone_dma.dir/inc/ssd1306_i2c.c.o (_ctype_)
/usr/share/gcc-arm-none-eabi-10.3-2021.10/bin/../lib/gcc/arm-none-eabi/10.3.1/../../../../arm-none-eabi/lib/thumb/v6-m/nofp/libg.a(lib_a-errno.o)
                              /usr/share/gcc-arm-none-eabi-10.3-2021.10/bin/../lib/gcc/arm-none-eabi/10.3.1/../../../../arm-none-eabi/lib/thumb/v6-m/nofp/libg.a(lib_a-callocr.o) (__errno)
/usr/share/gcc-arm-none-eabi-10.3-2021.10/bin/../lib/gcc/arm-none-eabi/10.3.1/../../../../arm-none-eabi/lib/thumb/v6-m/nofp/libg.a(lib_a-impure.o)
                              /usr/share/gcc-arm-none-eabi-10.3-2021.10/bin/../lib/gcc/arm-none-eabi/10.3.1/../../../../arm-none-eabi/lib/thumb/v6-m/nofp/libg.a(lib_a-calloc.o) (_impure_ptr)
/usr/share/gcc-arm-none-eabi-10.3-2021.10/bin/../lib/gcc/arm-none-eabi/10.3.1/../../../../arm-none-eabi/lib/thumb/v6-m/nofp/libg.a(lib_a-init.o)
                              /usr/share/gcc-arm-none-eabi-10.3-2021.10/bin/../lib/gcc/arm-none-eabi/10.3.1/../../../../arm-none-eabi/lib/thumb/v6-m/nofp/crt0.o (__libc_init_array)
/usr/share/gcc-arm-none-eabi-10.3-2021.10/bin/../lib/gcc/arm-none-eabi/10.3.1/../../../../arm-none-eabi/lib/thumb/v6-m/nofp/libg.a(lib_a-lcltime_r.o)
                              CMakeFiles/microphone_dma.dir/home/lucasfrazao/pico-sdk/src/common/pico_util/datetime.c.o (localtime_r)
/usr/share/gcc-arm-none-eabi-10.3-2021.10/bin/../lib/gcc/arm-none-eabi/10.3.1/../../../../arm-none-eabi/lib/thumb/v6-m/nofp/libg.a(lib_a-malloc.o)
                              CMakeFiles/microphone_dma.dir/home/lucasfrazao/pico-sdk/src/rp2_common/pico_malloc/malloc.c.o (malloc)
/usr/share/gcc-arm-none-eabi-10.3-2021.10/bin/../lib/gcc/arm-none-eabi/10.3.1/../../../../arm-none-eabi/lib/thumb/v6-m/nofp/libg.a(lib_a-mallocr.o)
                              /usr/share/gcc-arm-none-eabi-10.3-2021.10/bin/../lib/gcc/arm-none-eabi/10.3.1/../../../../arm-none-eabi/lib/thumb/v6-m/nofp/libg.a(lib_a-callocr.o) (_malloc_r)
/usr/share/gcc-arm-none-eabi-10.3-2021.10/bin/../lib/gcc/arm-none-eabi/10.3.1/../../../../arm-none-eabi/lib/thumb/v6-m/nofp/libg.a(lib_a-memcmp.o)
                              CMakeFiles/microphone_dma.dir/home/lucasfrazao/pico-sdk/src/rp2_common/pico_atomic/atomic.c.o (memcmp)
/usr/share/gcc-arm-none-eabi-10.3-2021.10/bin/../lib/gcc/arm-none-eabi/10.3.1/../../../../arm-none-eabi/lib/thumb/v6-m/nofp/libg.a(lib_a-mktime.o)
                              CMakeFiles/microphone_dma.dir/home/lucasfrazao/pico-sdk/src/common/pico_util/datetime.c.o (mktime)
/usr/share/gcc-arm-none-eabi-10.3-2021.10/bin/../lib/gcc/arm-none-eabi/10.3.1/../../../../arm-none-eabi/lib/thumb/v6-m/nofp/libg.a(lib_a-mlock.o)
                              /usr/share/gcc-arm-none-eabi-10.3-2021.10/bin/../lib/gcc/arm-none-eabi/10.3.1/../../../../arm-none-eabi/lib/thumb/v6-m/nofp/libg.a(lib_a-mallocr.o) (__malloc_lock)
/usr/share/gcc-arm-none-eabi-10.3-2021.10/bin/../lib/gcc/arm-none-eabi/10.3.1/../../../../arm-none-eabi/lib/thumb/v6-m/nofp/libg.a(lib_a-month_lengths.o)
                              /usr/share/gcc-arm-none-eabi-10.3-2021.10/bin/../lib/gcc/arm-none-eabi/10.3.1/../../../../arm-none-eabi/lib/thumb/v6-m/nofp/libg.a(lib_a-lcltime_r.o) (__month_lengths)
/usr/share/gcc-arm-none-eabi-10.3-2021.10/bin/../lib/gcc/arm-none-eabi/10.3.1/../../../../arm-none-eabi/lib/thumb/v6-m/nofp/libg.a(lib_a-realloc.o)
                              CMakeFiles/microphone_dma.dir/home/lucasfrazao/pico-sdk/src/rp2_common/pico_malloc/malloc.c.o (realloc)
/usr/share/gcc-arm-none-eabi-10.3-2021.10/bin/../lib/gcc/arm-none-eabi/10.3.1/../../../../arm-none-eabi/lib/thumb/v6-m/nofp/libg.a(lib_a-reallocr.o)
                              /usr/share/gcc-arm-none-eabi-10.3-2021.10/bin/../lib/gcc/arm-none-eabi/10.3.1/../../../../arm-none-eabi/lib/thumb/v6-m/nofp/libg.a(lib_a-realloc.o) (_realloc_r)
[...]
Memory Configuration

Name             Origin             Length             Attributes
FLASH            0x0000000010000000 0x0000000000200000 xr
RAM              0x0000000020000000 0x0000000000040000 xrw
SCRATCH_X        0x0000000020040000 0x0000000000001000 xrw
SCRATCH_Y        0x0000000020041000 0x0000000000001000 xrw
*default*        0x0000000000000000 0xffffffffffffffff

Linker script and memory map

LOAD /usr/share/gcc-arm-none-eabi-10.3-2021.10/bin/../lib/gcc/arm-none-eabi/10.3.1/thumb/v6-m/nofp/crti.o
LOAD /usr/share/gcc-arm-none-eabi-10.3-2021.10/bin/../lib/gcc/arm-none-eabi/10.3.1/thumb/v6-m/nofp/crtbegin.o
LOAD /usr/share/gcc-arm-none-eabi-10.3-2021.10/bin/../lib/gcc/arm-none-eabi/10.3.1/../../../../arm-none-eabi/lib/thumb/v6-m/nofp/crt0.o

.flash_begin    0x0000000010000000        0x0
                0x0000000010000000                __flash_binary_start = .

.boot2          0x0000000010000000      0x100
                0x0000000010000000                __boot2_start__ = .
 *(.boot2)
 .boot2         0x0000000010000000      0x100 pico-sdk/src/rp2040/boot_stage2/CMakeFiles/bs2_default_library.dir/bs2_default_padded_checksummed.S.o
                0x0000000010000100                __boot2_end__ = .
                0x0000000000000001                ASSERT (((__boot2_end__ - __boot2_start__) == 0x100), ERROR: Pico second stage bootloader must be 256 bytes in size)

.text           0x0000000010000100     0x831c
                0x0000000010000100                __logical_binary_start = .
 *(.vectors)
 .vectors       0x0000000010000100       0xd4 CMakeFiles/microphone_dma.dir/home/lucasfrazao/pico-sdk/src/rp2_common/pico_crt0/crt0.S.o
                0x0000000010000100                __vectors
                0x0000000010000100                __VECTOR_TABLE
                0x00000000100001c0                isr_invalid
                0x00000000100001c0                __default_isrs_start
                0x00000000100001c2                isr_nmi
                0x00000000100001c4                isr_hardfault
                0x00000000100001c6                isr_svcall
                0x00000000100001c8                isr_pendsv
                0x00000000100001ca                isr_systick
                0x00000000100001cc                isr_irq30
                0x00000000100001cc                __unhandled_user_irq
                0x00000000100001cc                isr_irq13
                0x00000000100001cc                isr_irq27
                0x00000000100001cc                isr_irq31
                0x00000000100001cc                isr_irq5
                0x00000000100001cc                isr_irq11
                0x00000000100001cc                isr_irq23
                0x00000000100001cc                isr_irq18
                0x00000000100001cc                isr_irq28
                0x00000000100001cc                isr_irq19
                0x00000000100001cc                isr_irq0
                0x00000000100001cc                isr_irq6
                0x00000000100001cc                isr_irq22
                0x00000000100001cc                isr_irq17
                0x00000000100001cc                isr_irq14
                0x00000000100001cc                isr_irq2
                0x00000000100001cc                isr_irq10
                0x00000000100001cc                isr_irq8
                0x00000000100001cc                isr_irq24
                0x00000000100001cc                isr_irq1
                0x00000000100001cc                isr_irq7
                0x00000000100001cc                isr_irq21
                0x00000000100001cc                isr_irq20
                0x00000000100001cc                isr_irq15
                0x00000000100001cc                isr_irq25
                0x00000000100001cc                isr_irq4
                0x00000000100001cc                isr_irq16
                0x00000000100001cc                isr_irq29
                0x00000000100001cc                isr_irq26
                0x00000000100001cc                __default_isrs_end
                0x00000000100001cc                isr_irq3
                0x00000000100001cc                isr_irq12
                0x00000000100001cc                isr_irq9
                0x00000000100001d2                unhandled_user_irq_num_in_r0
 *(.binary_info_header)
 .binary_info_header
                0x00000000100001d4       0x14 CMakeFiles/microphone_dma.dir/home/lucasfrazao/pico-sdk/src/rp2_common/pico_crt0/crt0.S.o
                0x00000000100001e8                __binary_info_header_end = .
 *(.embedded_block)
                0x00000000100001e8                __embedded_block_end = .
 *(.reset)
 .reset         0x00000000100001e8       0x9c CMakeFiles/microphone_dma.dir/home/lucasfrazao/pico-sdk/src/rp2_common/pico_crt0/crt0.S.o
                0x00000000100001e8                _entry_point
 *(.init)
 .init          0x0000000010000284        0x4 /usr/share/gcc-arm-none-eabi-10.3-2021.10/bin/../lib/gcc/arm-none-eabi/10.3.1/thumb/v6-m/nofp/crti.o
                0x0000000010000284                _init
 *(EXCLUDE_FILE(*libm.a: *libc.a:*lib_a-mem*.o *libgcc.a:) .text*)
 .text          0x0000000010000288       0x48 /usr/share/gcc-arm-none-eabi-10.3-2021.10/bin/../lib/gcc/arm-none-eabi/10.3.1/thumb/v6-m/nofp/crtbegin.o
 .text.ws2818b_program_init
                0x00000000100002d0       0xdc CMakeFiles/microphone_dma.dir/microphone_dma.c.o
                0x00000000100002d0                ws2818b_program_init
 .text.npInit   0x00000000100003ac       0xf4 CMakeFiles/microphone_dma.dir/microphone_dma.c.o
                0x00000000100003ac                npInit
 .text.npWrite  0x00000000100004a0       0x68 CMakeFiles/microphone_dma.dir/microphone_dma.c.o
                0x00000000100004a0                npWrite
 .text.sample_mic
                0x0000000010000508       0x80 CMakeFiles/microphone_dma.dir/microphone_dma.c.o
                0x0000000010000508                sample_mic
 .text.startup.main
                0x0000000010000588      0x530 CMakeFiles/microphone_dma.dir/microphone_dma.c.o
                0x0000000010000588                main
 .text.calculate_render_area_buffer_length
                0x0000000010000ab8       0x18 CMakeFiles/microphone_dma.dir/inc/ssd1306_i2c.c.o
                0x0000000010000ab8                calculate_render_area_buffer_length
 .text.ssd1306_init
                0x0000000010000ad0       0x58 CMakeFiles/microphone_dma.dir/inc/ssd1306_i2c.c.o
                0x0000000010000ad0                ssd1306_init
 .text.render_on_display
                0x0000000010000b28       0x9c CMakeFiles/microphone_dma.dir/inc/ssd1306_i2c.c.o
                0x0000000010000b28                render_on_display
 .text.ssd1306_draw_string
                0x0000000010000bc4       0xd8 CMakeFiles/microphone_dma.dir/inc/ssd1306_i2c.c.o
                0x0000000010000bc4                ssd1306_draw_string
 .text.gpio_set_function
                0x0000000010000c9c       0x34 CMakeFiles/microphone_dma.dir/home/lucasfrazao/pico-sdk/src/rp2_common/hardware_gpio/gpio.c.o
                0x0000000010000c9c                gpio_set_function
 .text.gpio_set_pulls
                0x0000000010000cd0       0x34 CMakeFiles/microphone_dma.dir/home/lucasfrazao/pico-sdk/src/rp2_common/hardware_gpio/gpio.c.o
                0x0000000010000cd0                gpio_set_pulls
 .text.gpio_set_input_enabled
                0x0000000010000d04       0x28 CMakeFiles/microphone_dma.dir/home/lucasfrazao/pico-sdk/src/rp2_common/hardware_gpio/gpio.c.o
                0x0000000010000d04                gpio_set_input_enabled
 .text.rp2040_chip_version
                0x0000000010000d2c        0xc CMakeFiles/microphone_dma.dir/home/lucasfrazao/pico-sdk/src/rp2040/pico_platform/platform.c.o
                0x0000000010000d2c                rp2040_chip_version
 .text.panic    0x0000000010000d38       0x30 CMakeFiles/microphone_dma.dir/home/lucasfrazao/pico-sdk/src/rp2_common/pico_platform_panic/panic.c.o
                0x0000000010000d38                panic
 .text.hw_claim_lock
                0x0000000010000d68       0x18 CMakeFiles/microphone_dma.dir/home/lucasfrazao/pico-sdk/src/common/hardware_claim/claim.c.o
                0x0000000010000d68                hw_claim_lock
 .text.hw_claim_unlock
                0x0000000010000d80       0x14 CMakeFiles/microphone_dma.dir/home/lucasfrazao/pico-sdk/src/common/hardware_claim/claim.c.o
                0x0000000010000d80                hw_claim_unlock
 .text.hw_claim_or_assert
                0x0000000010000d94       0x44 CMakeFiles/microphone_dma.dir/home/lucasfrazao/pico-sdk/src/common/hardware_claim/claim.c.o
                0x0000000010000d94                hw_claim_or_assert
 .text.hw_claim_unused_from_range
                0x0000000010000dd8       0x9c CMakeFiles/microphone_dma.dir/home/lucasfrazao/pico-sdk/src/common/hardware_claim/claim.c.o
                0x0000000010000dd8                hw_claim_unused_from_range
 .text.next_striped_spin_lock_num
                0x0000000010000e74       0x18 CMakeFiles/microphone_dma.dir/home/lucasfrazao/pico-sdk/src/rp2_common/hardware_sync/sync.c.o
                0x0000000010000e74                next_striped_spin_lock_num
 .text.spin_lock_claim_unused
                0x0000000010000e8c       0x20 CMakeFiles/microphone_dma.dir/home/lucasfrazao/pico-sdk/src/rp2_common/hardware_sync/sync.c.o
                0x0000000010000e8c                spin_lock_claim_unused
 .text.spin_locks_reset
                0x0000000010000eac       0x1c CMakeFiles/microphone_dma.dir/home/lucasfrazao/pico-sdk/src/rp2_common/hardware_sync_spin_lock/sync_spin_lock.c.o
                0x0000000010000eac                spin_locks_reset
 .text.runtime_init_per_core_irq_priorities
                0x0000000010000ec8       0x24 CMakeFiles/microphone_dma.dir/home/lucasfrazao/pico-sdk/src/rp2_common/hardware_irq/irq.c.o
                0x0000000010000ec8                runtime_init_per_core_irq_priorities
 .text.irq_set_enabled
                0x0000000010000eec       0x24 CMakeFiles/microphone_dma.dir/home/lucasfrazao/pico-sdk/src/rp2_common/hardware_irq/irq.c.o
                0x0000000010000eec                irq_set_enabled
 .text.irq_is_enabled
                0x0000000010000f10       0x18 CMakeFiles/microphone_dma.dir/home/lucasfrazao/pico-sdk/src/rp2_common/hardware_irq/irq.c.o
                0x0000000010000f10                irq_is_enabled
 .text.irq_set_pending
                0x0000000010000f28       0x10 CMakeFiles/microphone_dma.dir/home/lucasfrazao/pico-sdk/src/rp2_common/hardware_irq/irq.c.o
                0x0000000010000f28                irq_set_pending
 .text.irq_has_shared_handler
                0x0000000010000f38       0x24 CMakeFiles/microphone_dma.dir/home/lucasfrazao/pico-sdk/src/rp2_common/hardware_irq/irq.c.o
                0x0000000010000f38                irq_has_shared_handler
 .text.irq_set_exclusive_handler
                0x0000000010000f5c       0x54 CMakeFiles/microphone_dma.dir/home/lucasfrazao/pico-sdk/src/rp2_common/hardware_irq/irq.c.o
                0x0000000010000f5c                irq_set_exclusive_handler
 .text.irq_add_shared_handler
                0x0000000010000fb0      0x1e8 CMakeFiles/microphone_dma.dir/home/lucasfrazao/pico-sdk/src/rp2_common/hardware_irq/irq.c.o
                0x0000000010000fb0                irq_add_shared_handler
 .text.irq_add_tail_to_free_list
                0x0000000010001198       0xb4 CMakeFiles/microphone_dma.dir/home/lucasfrazao/pico-sdk/src/rp2_common/hardware_irq/irq.c.o
                0x0000000010001198                irq_add_tail_to_free_list
 .text.user_irq_claim_unused
                0x000000001000124c       0x28 CMakeFiles/microphone_dma.dir/home/lucasfrazao/pico-sdk/src/rp2_common/hardware_irq/irq.c.o
                0x000000001000124c                user_irq_claim_unused
 .text.lock_init
                0x0000000010001274       0x10 CMakeFiles/microphone_dma.dir/home/lucasfrazao/pico-sdk/src/common/pico_sync/lock_core.c.o
                0x0000000010001274                lock_init
 .text.runtime_init_mutex
                0x0000000010001284       0x58 CMakeFiles/microphone_dma.dir/home/lucasfrazao/pico-sdk/src/common/pico_sync/mutex.c.o
                0x0000000010001284                runtime_init_mutex
 .text.mutex_init
                0x00000000100012dc       0x1c CMakeFiles/microphone_dma.dir/home/lucasfrazao/pico-sdk/src/common/pico_sync/mutex.c.o
                0x00000000100012dc                mutex_init
 .text.critical_section_init
                0x00000000100012f8       0x20 CMakeFiles/microphone_dma.dir/home/lucasfrazao/pico-sdk/src/common/pico_sync/critical_section.c.o
                0x00000000100012f8                critical_section_init
 .text.critical_section_init_with_lock_num
                0x0000000010001318       0x14 CMakeFiles/microphone_dma.dir/home/lucasfrazao/pico-sdk/src/common/pico_sync/critical_section.c.o
                0x0000000010001318                critical_section_init_with_lock_num
 .text.sleep_until_callback
                0x000000001000132c       0x30 CMakeFiles/microphone_dma.dir/home/lucasfrazao/pico-sdk/src/common/pico_time/time.c.o
 .text.alarm_pool_irq_handler
                0x000000001000135c      0x308 CMakeFiles/microphone_dma.dir/home/lucasfrazao/pico-sdk/src/common/pico_time/time.c.o
 .text.runtime_init_default_alarm_pool
                0x0000000010001664       0xdc CMakeFiles/microphone_dma.dir/home/lucasfrazao/pico-sdk/src/common/pico_time/time.c.o
                0x0000000010001664                runtime_init_default_alarm_pool
 .text.alarm_pool_get_default
                0x0000000010001740        0x8 CMakeFiles/microphone_dma.dir/home/lucasfrazao/pico-sdk/src/common/pico_time/time.c.o
                0x0000000010001740                alarm_pool_get_default
 .text.alarm_pool_add_alarm_at
                0x0000000010001748       0xc8 CMakeFiles/microphone_dma.dir/home/lucasfrazao/pico-sdk/src/common/pico_time/time.c.o
                0x0000000010001748                alarm_pool_add_alarm_at
 .text.alarm_pool_add_alarm_at_force_in_context
                0x0000000010001810       0xb0 CMakeFiles/microphone_dma.dir/home/lucasfrazao/pico-sdk/src/common/pico_time/time.c.o
                0x0000000010001810                alarm_pool_add_alarm_at_force_in_context
 .text.alarm_pool_cancel_alarm
                0x00000000100018c0       0x7c CMakeFiles/microphone_dma.dir/home/lucasfrazao/pico-sdk/src/common/pico_time/time.c.o
                0x00000000100018c0                alarm_pool_cancel_alarm
 .text.alarm_pool_core_num
                0x000000001000193c        0x4 CMakeFiles/microphone_dma.dir/home/lucasfrazao/pico-sdk/src/common/pico_time/time.c.o
                0x000000001000193c                alarm_pool_core_num
 .text.sleep_until
                0x0000000010001940       0xd0 CMakeFiles/microphone_dma.dir/home/lucasfrazao/pico-sdk/src/common/pico_time/time.c.o
                0x0000000010001940                sleep_until
 .text.sleep_us
                0x0000000010001a10       0x24 CMakeFiles/microphone_dma.dir/home/lucasfrazao/pico-sdk/src/common/pico_time/time.c.o
                0x0000000010001a10                sleep_us
 .text.sleep_ms
                0x0000000010001a34       0x34 CMakeFiles/microphone_dma.dir/home/lucasfrazao/pico-sdk/src/common/pico_time/time.c.o
                0x0000000010001a34                sleep_ms
 .text.best_effort_wfe_or_timeout
                0x0000000010001a68       0xfc CMakeFiles/microphone_dma.dir/home/lucasfrazao/pico-sdk/src/common/pico_time/time.c.o
                0x0000000010001a68                best_effort_wfe_or_timeout
 .text.timer_hardware_alarm_claim
                0x0000000010001b64       0x14 CMakeFiles/microphone_dma.dir/home/lucasfrazao/pico-sdk/src/rp2_common/hardware_timer/timer.c.o
                0x0000000010001b64                timer_hardware_alarm_claim
 .text.timer_time_us_64
                0x0000000010001b78       0x10 CMakeFiles/microphone_dma.dir/home/lucasfrazao/pico-sdk/src/rp2_common/hardware_timer/timer.c.o
                0x0000000010001b78                timer_time_us_64
 .text.time_us_64
                0x0000000010001b88       0x14 CMakeFiles/microphone_dma.dir/home/lucasfrazao/pico-sdk/src/rp2_common/hardware_timer/timer.c.o
                0x0000000010001b88                time_us_64
 .text.busy_wait_until
                0x0000000010001b9c       0x20 CMakeFiles/microphone_dma.dir/home/lucasfrazao/pico-sdk/src/rp2_common/hardware_timer/timer.c.o
                0x0000000010001b9c                busy_wait_until
 .text.clock_configure_int_divider
                0x0000000010001bbc       0xf4 CMakeFiles/microphone_dma.dir/home/lucasfrazao/pico-sdk/src/rp2_common/hardware_clocks/clocks.c.o
                0x0000000010001bbc                clock_configure_int_divider
 .text.clock_configure_undivided
                0x0000000010001cb0       0xe8 CMakeFiles/microphone_dma.dir/home/lucasfrazao/pico-sdk/src/rp2_common/hardware_clocks/clocks.c.o
                0x0000000010001cb0                clock_configure_undivided
 .text.clock_get_hz
                0x0000000010001d98        0xc CMakeFiles/microphone_dma.dir/home/lucasfrazao/pico-sdk/src/rp2_common/hardware_clocks/clocks.c.o
                0x0000000010001d98                clock_get_hz
 .text.pll_init
                0x0000000010001da4       0xa0 CMakeFiles/microphone_dma.dir/home/lucasfrazao/pico-sdk/src/rp2_common/hardware_pll/pll.c.o
                0x0000000010001da4                pll_init
 .text.watchdog_reboot
                0x0000000010001e44       0x98 CMakeFiles/microphone_dma.dir/home/lucasfrazao/pico-sdk/src/rp2_common/hardware_watchdog/watchdog.c.o
                0x0000000010001e44                watchdog_reboot
 .text.tick_start
                0x0000000010001edc       0x10 CMakeFiles/microphone_dma.dir/home/lucasfrazao/pico-sdk/src/rp2_common/hardware_ticks/ticks.c.o
                0x0000000010001edc                tick_start
 .text.rom_func_lookup
                0x0000000010001eec       0x10 CMakeFiles/microphone_dma.dir/home/lucasfrazao/pico-sdk/src/rp2_common/pico_bootrom/bootrom.c.o
                0x0000000010001eec                rom_func_lookup
 .text.rom_data_lookup
                0x0000000010001efc       0x10 CMakeFiles/microphone_dma.dir/home/lucasfrazao/pico-sdk/src/rp2_common/pico_bootrom/bootrom.c.o
                0x0000000010001efc                rom_data_lookup
 .text.rom_funcs_lookup
                0x0000000010001f0c       0x44 CMakeFiles/microphone_dma.dir/home/lucasfrazao/pico-sdk/src/rp2_common/pico_bootrom/bootrom.c.o
                0x0000000010001f0c                rom_funcs_lookup
 .text.rom_reset_usb_boot_extra
                0x0000000010001f50       0x28 CMakeFiles/microphone_dma.dir/home/lucasfrazao/pico-sdk/src/rp2_common/pico_bootrom/bootrom.c.o
                0x0000000010001f50                rom_reset_usb_boot_extra
 .text.xosc_init
                0x0000000010001f78       0x28 CMakeFiles/microphone_dma.dir/home/lucasfrazao/pico-sdk/src/rp2_common/hardware_xosc/xosc.c.o
                0x0000000010001f78                xosc_init
 .text.first_per_core_initializer
                0x0000000010001fa0        0x4 CMakeFiles/microphone_dma.dir/home/lucasfrazao/pico-sdk/src/rp2_common/pico_runtime/runtime.c.o
 .text.hard_assertion_failure
                0x0000000010001fa4        0xc CMakeFiles/microphone_dma.dir/home/lucasfrazao/pico-sdk/src/rp2_common/pico_runtime/runtime.c.o
                0x0000000010001fa4                hard_assertion_failure
 .text.runtime_run_initializers
                0x0000000010001fb0       0x28 CMakeFiles/microphone_dma.dir/home/lucasfrazao/pico-sdk/src/rp2_common/pico_runtime/runtime.c.o
                0x0000000010001fb0                runtime_run_initializers
 .text.runtime_init_early_resets
                0x0000000010001fd8       0x2c CMakeFiles/microphone_dma.dir/home/lucasfrazao/pico-sdk/src/rp2_common/pico_runtime_init/runtime_init.c.o
                0x0000000010001fd8                runtime_init_early_resets
 .text.runtime_init_usb_power_down
                0x0000000010002004       0x1c CMakeFiles/microphone_dma.dir/home/lucasfrazao/pico-sdk/src/rp2_common/pico_runtime_init/runtime_init.c.o
                0x0000000010002004                runtime_init_usb_power_down
 .text.runtime_init_post_clock_resets
                0x0000000010002020       0x20 CMakeFiles/microphone_dma.dir/home/lucasfrazao/pico-sdk/src/rp2_common/pico_runtime_init/runtime_init.c.o
                0x0000000010002020                runtime_init_post_clock_resets
 .text.runtime_init_rp2040_gpio_ie_disable
                0x0000000010002040       0x14 CMakeFiles/microphone_dma.dir/home/lucasfrazao/pico-sdk/src/rp2_common/pico_runtime_init/runtime_init.c.o
                0x0000000010002040                runtime_init_rp2040_gpio_ie_disable
 .text.runtime_init_spin_locks_reset
                0x0000000010002054        0x8 CMakeFiles/microphone_dma.dir/home/lucasfrazao/pico-sdk/src/rp2_common/pico_runtime_init/runtime_init.c.o
                0x0000000010002054                runtime_init_spin_locks_reset
 .text.runtime_init_install_ram_vector_table
                0x000000001000205c       0x1c CMakeFiles/microphone_dma.dir/home/lucasfrazao/pico-sdk/src/rp2_common/pico_runtime_init/runtime_init.c.o
                0x000000001000205c                runtime_init_install_ram_vector_table
 .text.runtime_init_clocks
                0x0000000010002078       0xd8 CMakeFiles/microphone_dma.dir/home/lucasfrazao/pico-sdk/src/rp2_common/pico_runtime_init/runtime_init_clocks.c.o
                0x0000000010002078                runtime_init_clocks
 .text          0x0000000010002150       0x10 CMakeFiles/microphone_dma.dir/home/lucasfrazao/pico-sdk/src/rp2_common/pico_bit_ops/bit_ops_aeabi.S.o
 .text.__wrap___aeabi_idiv
                0x0000000010002160       0x50 CMakeFiles/microphone_dma.dir/home/lucasfrazao/pico-sdk/src/rp2_common/pico_divider/divider_hardware.S.o
                0x0000000010002160                __wrap___aeabi_idivmod
                0x0000000010002160                divmod_s32s32
                0x0000000010002160                div_s32s32
                0x0000000010002160                __wrap___aeabi_idiv
                0x0000000010002168                divmod_s32s32_unsafe
                0x0000000010002194                divmod_s32s32_savestate
 .text.__wrap___aeabi_uidiv
                0x00000000100021b0       0x4c CMakeFiles/microphone_dma.dir/home/lucasfrazao/pico-sdk/src/rp2_common/pico_divider/divider_hardware.S.o
                0x00000000100021b0                __wrap___aeabi_uidiv
                0x00000000100021b0                __wrap___aeabi_uidivmod
                0x00000000100021b0                div_u32u32
                0x00000000100021b0                divmod_u32u32
                0x00000000100021b8                divmod_u32u32_unsafe
                0x00000000100021e0                divmod_u32u32_savestate
 .text.__wrap___aeabi_ldiv
                0x00000000100021fc      0x424 CMakeFiles/microphone_dma.dir/home/lucasfrazao/pico-sdk/src/rp2_common/pico_divider/divider_hardware.S.o
                0x00000000100021fc                div_s64s64
                0x00000000100021fc                divmod_s64s64
                0x00000000100021fc                __wrap___aeabi_ldivmod
                0x000000001000222c                div_u64u64
                0x000000001000222c                divmod_u64u64
                0x000000001000222c                __wrap___aeabi_uldivmod
                0x000000001000223c                divmod_u64u64_savestate
                0x000000001000225c                divmod_s64s64_unsafe
                0x00000000100022e4                divmod_u64u64_unsafe
 .text.__wrap___aeabi_darithmetic
                0x0000000010002620       0x80 CMakeFiles/microphone_dma.dir/home/lucasfrazao/pico-sdk/src/rp2_common/pico_double/double_aeabi_rp2040.S.o
                0x0000000010002620                __wrap___aeabi_drsub
                0x0000000010002626                __wrap___aeabi_dsub
                0x0000000010002638                __wrap___aeabi_dadd
                0x000000001000264a                __wrap___aeabi_ddiv
                0x0000000010002686                __wrap___aeabi_dmul
 .text.__wrap___aeabi_cdcmple
                0x00000000100026a0       0x6c CMakeFiles/microphone_dma.dir/home/lucasfrazao/pico-sdk/src/rp2_common/pico_double/double_aeabi_rp2040.S.o
                0x00000000100026a0                __wrap___aeabi_cdrcmple
                0x00000000100026b0                __wrap___aeabi_cdcmple
                0x00000000100026b0                __wrap___aeabi_cdcmpeq
 .text.__wrap___aeabi_dcmplt
                0x000000001000270c        0xc CMakeFiles/microphone_dma.dir/home/lucasfrazao/pico-sdk/src/rp2_common/pico_double/double_aeabi_rp2040.S.o
                0x000000001000270c                __wrap___aeabi_dcmplt
 .text.__wrap___aeabi_dcmple
                0x0000000010002718       0x10 CMakeFiles/microphone_dma.dir/home/lucasfrazao/pico-sdk/src/rp2_common/pico_double/double_aeabi_rp2040.S.o
                0x0000000010002718                __wrap___aeabi_dcmple
 .text.__wrap___aeabi_dcmpge
                0x0000000010002728       0x10 CMakeFiles/microphone_dma.dir/home/lucasfrazao/pico-sdk/src/rp2_common/pico_double/double_aeabi_rp2040.S.o
                0x0000000010002728                __wrap___aeabi_dcmpge
 .text.__wrap___aeabi_dcmpgt
                0x0000000010002738        0xa CMakeFiles/microphone_dma.dir/home/lucasfrazao/pico-sdk/src/rp2_common/pico_double/double_aeabi_rp2040.S.o
                0x0000000010002738                __wrap___aeabi_dcmpgt
 .text.__wrap___aeabi_dcmpun
                0x0000000010002742       0x18 CMakeFiles/microphone_dma.dir/home/lucasfrazao/pico-sdk/src/rp2_common/pico_double/double_aeabi_rp2040.S.o
                0x0000000010002742                __wrap___aeabi_dcmpun
 *fill*         0x000000001000275a        0x2 
 .text.__wrap___aeabi_i2d
                0x000000001000275c       0x38 CMakeFiles/microphone_dma.dir/home/lucasfrazao/pico-sdk/src/rp2_common/pico_double/double_aeabi_rp2040.S.o
                0x000000001000275c                __wrap___aeabi_ui2d
                0x000000001000275c                uint2double
                0x0000000010002764                __wrap___aeabi_i2d
                0x0000000010002764                int2double
 .text.__wrap___aeabi_d2iz
                0x0000000010002794       0x48 CMakeFiles/microphone_dma.dir/home/lucasfrazao/pico-sdk/src/rp2_common/pico_double/double_aeabi_rp2040.S.o
                0x0000000010002794                __wrap___aeabi_d2iz
                0x0000000010002794                double2int_z
 .text.__wrap___aeabi_d2uiz
                0x00000000100027dc       0x18 CMakeFiles/microphone_dma.dir/home/lucasfrazao/pico-sdk/src/rp2_common/pico_double/double_aeabi_rp2040.S.o
                0x00000000100027dc                double2uint_z
                0x00000000100027dc                double2uint
                0x00000000100027dc                __wrap___aeabi_d2uiz
 .text.__wrap___aeabi_d2f
                0x00000000100027f4       0x18 CMakeFiles/microphone_dma.dir/home/lucasfrazao/pico-sdk/src/rp2_common/pico_double/double_aeabi_rp2040.S.o
                0x00000000100027f4                __wrap___aeabi_d2f
 .text.__wrap_srqt
                0x000000001000280c       0x18 CMakeFiles/microphone_dma.dir/home/lucasfrazao/pico-sdk/src/rp2_common/pico_double/double_aeabi_rp2040.S.o
                0x000000001000280c                __wrap_sqrt
 .text.__aeabi_double_init
                0x0000000010002824       0xa0 CMakeFiles/microphone_dma.dir/home/lucasfrazao/pico-sdk/src/rp2_common/pico_double/double_init_rom_rp2040.c.o
                0x0000000010002824                __aeabi_double_init
 .text.double_table_shim_on_use_helper
                0x00000000100028c4       0x2c CMakeFiles/microphone_dma.dir/home/lucasfrazao/pico-sdk/src/rp2_common/pico_double/double_v1_rom_shim_rp2040.S.o
                0x00000000100028c4                double_table_shim_on_use_helper
 .text.__wrap___aeabi_dsub
                0x00000000100028f0       0x10 CMakeFiles/microphone_dma.dir/home/lucasfrazao/pico-sdk/src/rp2_common/pico_double/double_v1_rom_shim_rp2040.S.o
                0x00000000100028f0                drsub_shim
                0x00000000100028f6                dsub_shim
 .text.dadd_shim
                0x0000000010002900      0x15c CMakeFiles/microphone_dma.dir/home/lucasfrazao/pico-sdk/src/rp2_common/pico_double/double_v1_rom_shim_rp2040.S.o
                0x0000000010002900                dadd_shim
 .text.dmul_shim
                0x0000000010002a5c      0x15c CMakeFiles/microphone_dma.dir/home/lucasfrazao/pico-sdk/src/rp2_common/pico_double/double_v1_rom_shim_rp2040.S.o
                0x0000000010002a5c                dmul_shim
 .text.ddiv_shim
                0x0000000010002bb8      0x1b0 CMakeFiles/microphone_dma.dir/home/lucasfrazao/pico-sdk/src/rp2_common/pico_double/double_v1_rom_shim_rp2040.S.o
                0x0000000010002bb8                ddiv_shim
 .text.dsqrt_shim
                0x0000000010002d68      0x1a8 CMakeFiles/microphone_dma.dir/home/lucasfrazao/pico-sdk/src/rp2_common/pico_double/double_v1_rom_shim_rp2040.S.o
                0x0000000010002d84                dsqrt_shim
 .text.double2uint_shim
                0x0000000010002f10        0xe CMakeFiles/microphone_dma.dir/home/lucasfrazao/pico-sdk/src/rp2_common/pico_double/double_v1_rom_shim_rp2040.S.o
                0x0000000010002f10                double2uint_shim
                0x0000000010002f12                double2ufix_shim
 *fill*         0x0000000010002f1e        0x2 
 .text.double2uint64_shim
                0x0000000010002f20       0x70 CMakeFiles/microphone_dma.dir/home/lucasfrazao/pico-sdk/src/rp2_common/pico_double/double_v1_rom_shim_rp2040.S.o
                0x0000000010002f20                double2uint64_shim
                0x0000000010002f22                double2ufix64_shim
                0x0000000010002f42                d2fix_a
 .text.double2float_shim
                0x0000000010002f90       0x5c CMakeFiles/microphone_dma.dir/home/lucasfrazao/pico-sdk/src/rp2_common/pico_double/double_v1_rom_shim_rp2040.S.o
                0x0000000010002f90                double2float_shim
 .text.dunpacks
                0x0000000010002fec       0x3c CMakeFiles/microphone_dma.dir/home/lucasfrazao/pico-sdk/src/rp2_common/pico_double/double_v1_rom_shim_rp2040.S.o
                0x0000000010002fec                dunpacks
 .text.__aeabi_lmul
                0x0000000010003028       0x32 CMakeFiles/microphone_dma.dir/home/lucasfrazao/pico-sdk/src/rp2_common/pico_int64_ops/pico_int64_ops_aeabi.S.o
                0x0000000010003028                __wrap___aeabi_lmul
 *fill*         0x000000001000305a        0x2 
 .text.__wrap___aeabi_farithmetic
                0x000000001000305c       0x48 CMakeFiles/microphone_dma.dir/home/lucasfrazao/pico-sdk/src/rp2_common/pico_float/float_aeabi_rp2040.S.o
                0x000000001000305c                __wrap___aeabi_frsub
                0x0000000010003062                __wrap___aeabi_fsub
                0x0000000010003068                __wrap___aeabi_fadd
                0x000000001000306e                __wrap___aeabi_fdiv
                0x0000000010003096                __wrap___aeabi_fmul
 .text.__wrap___aeabi_cfcmple
                0x00000000100030a4       0x50 CMakeFiles/microphone_dma.dir/home/lucasfrazao/pico-sdk/src/rp2_common/pico_float/float_aeabi_rp2040.S.o
                0x00000000100030a4                __wrap___aeabi_cfrcmple
                0x00000000100030b0                __wrap___aeabi_cfcmpeq
                0x00000000100030b0                __wrap___aeabi_cfcmple
 .text.__wrap___aeabi_fcmplt
                0x00000000100030f4        0xc CMakeFiles/microphone_dma.dir/home/lucasfrazao/pico-sdk/src/rp2_common/pico_float/float_aeabi_rp2040.S.o
                0x00000000100030f4                __wrap___aeabi_fcmplt
 .text.__wrap___aeabi_ui2f
                0x0000000010003100        0xa CMakeFiles/microphone_dma.dir/home/lucasfrazao/pico-sdk/src/rp2_common/pico_float/float_aeabi_rp2040.S.o
                0x0000000010003100                uint2float
                0x0000000010003100                __wrap___aeabi_ui2f
 *fill*         0x000000001000310a        0x2 
 .text.__wrap___aeabi_i2f
                0x000000001000310c       0x44 CMakeFiles/microphone_dma.dir/home/lucasfrazao/pico-sdk/src/rp2_common/pico_float/float_aeabi_rp2040.S.o
                0x000000001000310c                int2float
                0x000000001000310c                __wrap___aeabi_i2f
 .text.__wrap___aeabi_f2uiz
                0x0000000010003150        0xc CMakeFiles/microphone_dma.dir/home/lucasfrazao/pico-sdk/src/rp2_common/pico_float/float_aeabi_rp2040.S.o
                0x0000000010003150                float2uint
                0x0000000010003150                float2uint_z
                0x0000000010003150                __wrap___aeabi_f2uiz
 .text.__wrap___aeabi_f2d
                0x000000001000315c       0x14 CMakeFiles/microphone_dma.dir/home/lucasfrazao/pico-sdk/src/rp2_common/pico_float/float_aeabi_rp2040.S.o
                0x000000001000315c                __wrap___aeabi_f2d
 .text.__aeabi_float_init
                0x0000000010003170       0x64 CMakeFiles/microphone_dma.dir/home/lucasfrazao/pico-sdk/src/rp2_common/pico_float/float_init_rom_rp2040.c.o
                0x0000000010003170                __aeabi_float_init
 .text.float_table_shim_on_use_helper
                0x00000000100031d4       0x2c CMakeFiles/microphone_dma.dir/home/lucasfrazao/pico-sdk/src/rp2_common/pico_float/float_v1_rom_shim_rp2040.S.o
                0x00000000100031d4                float_table_shim_on_use_helper
 .text.float2double_shim
                0x0000000010003200       0x30 CMakeFiles/microphone_dma.dir/home/lucasfrazao/pico-sdk/src/rp2_common/pico_float/float_v1_rom_shim_rp2040.S.o
                0x0000000010003200                float2double_shim
 .text.__wrap_malloc
                0x0000000010003230       0x24 CMakeFiles/microphone_dma.dir/home/lucasfrazao/pico-sdk/src/rp2_common/pico_malloc/malloc.c.o
                0x0000000010003230                __wrap_malloc
 .text.__wrap_calloc
                0x0000000010003254       0x28 CMakeFiles/microphone_dma.dir/home/lucasfrazao/pico-sdk/src/rp2_common/pico_malloc/malloc.c.o
                0x0000000010003254                __wrap_calloc
 .text.__wrap_free
                0x000000001000327c        0x8 CMakeFiles/microphone_dma.dir/home/lucasfrazao/pico-sdk/src/rp2_common/pico_malloc/malloc.c.o
                0x000000001000327c                __wrap_free
 .text          0x0000000010003284       0x10 CMakeFiles/microphone_dma.dir/home/lucasfrazao/pico-sdk/src/rp2_common/pico_mem_ops/mem_ops_aeabi.S.o
                0x0000000010003284                __aeabi_mem_init
 .text.memset   0x0000000010003294        0xc CMakeFiles/microphone_dma.dir/home/lucasfrazao/pico-sdk/src/rp2_common/pico_mem_ops/mem_ops_aeabi.S.o
                0x0000000010003294                __wrap_memset
 .text.memcpy   0x00000000100032a0        0xc CMakeFiles/microphone_dma.dir/home/lucasfrazao/pico-sdk/src/rp2_common/pico_mem_ops/mem_ops_aeabi.S.o
                0x00000000100032a0                __wrap___aeabi_memcpy
                0x00000000100032a0                __wrap_memcpy
 .text._out_null
                0x00000000100032ac        0x4 CMakeFiles/microphone_dma.dir/home/lucasfrazao/pico-sdk/src/rp2_common/pico_printf/printf.c.o
 .text._out_rev
                0x00000000100032b0       0x9c CMakeFiles/microphone_dma.dir/home/lucasfrazao/pico-sdk/src/rp2_common/pico_printf/printf.c.o
 .text._ntoa_format
                0x000000001000334c      0x1cc CMakeFiles/microphone_dma.dir/home/lucasfrazao/pico-sdk/src/rp2_common/pico_printf/printf.c.o
 .text._out_char
                0x0000000010003518       0x10 CMakeFiles/microphone_dma.dir/home/lucasfrazao/pico-sdk/src/rp2_common/pico_printf/printf.c.o
 .text._out_fct
                0x0000000010003528       0x10 CMakeFiles/microphone_dma.dir/home/lucasfrazao/pico-sdk/src/rp2_common/pico_printf/printf.c.o
 .text._etoa    0x0000000010003538      0x44c CMakeFiles/microphone_dma.dir/home/lucasfrazao/pico-sdk/src/rp2_common/pico_printf/printf.c.o
 .text._ftoa    0x0000000010003984      0x398 CMakeFiles/microphone_dma.dir/home/lucasfrazao/pico-sdk/src/rp2_common/pico_printf/printf.c.o
 .text._vsnprintf
                0x0000000010003d1c      0xb04 CMakeFiles/microphone_dma.dir/home/lucasfrazao/pico-sdk/src/rp2_common/pico_printf/printf.c.o
 .text.vfctprintf
                0x0000000010004820       0x20 CMakeFiles/microphone_dma.dir/home/lucasfrazao/pico-sdk/src/rp2_common/pico_printf/printf.c.o
                0x0000000010004820                vfctprintf
 .text.weak_raw_vprintf
                0x0000000010004840       0x30 CMakeFiles/microphone_dma.dir/home/lucasfrazao/pico-sdk/src/rp2_common/pico_printf/printf.c.o
                0x0000000010004840                weak_raw_vprintf
 .text._exit    0x0000000010004870        0x4 CMakeFiles/microphone_dma.dir/home/lucasfrazao/pico-sdk/src/rp2_common/pico_clib_interface/newlib_interface.c.o
                0x0000000010004870                _exit
 .text._sbrk    0x0000000010004874       0x34 CMakeFiles/microphone_dma.dir/home/lucasfrazao/pico-sdk/src/rp2_common/pico_clib_interface/newlib_interface.c.o
                0x0000000010004874                _sbrk
 .text.exit     0x00000000100048a8        0x8 CMakeFiles/microphone_dma.dir/home/lucasfrazao/pico-sdk/src/rp2_common/pico_clib_interface/newlib_interface.c.o
                0x00000000100048a8                exit
 .text.runtime_init
                0x00000000100048b0       0x2c CMakeFiles/microphone_dma.dir/home/lucasfrazao/pico-sdk/src/rp2_common/pico_clib_interface/newlib_interface.c.o
                0x00000000100048b0                runtime_init
 .text.stdio_out_chars_no_crlf
                0x00000000100048dc       0x10 CMakeFiles/microphone_dma.dir/home/lucasfrazao/pico-sdk/src/rp2_common/pico_stdio/stdio.c.o
 .text.stdio_out_chars_crlf
                0x00000000100048ec       0xb4 CMakeFiles/microphone_dma.dir/home/lucasfrazao/pico-sdk/src/rp2_common/pico_stdio/stdio.c.o
 .text.stdio_buffered_printer
                0x00000000100049a0       0x64 CMakeFiles/microphone_dma.dir/home/lucasfrazao/pico-sdk/src/rp2_common/pico_stdio/stdio.c.o
 .text.stdio_put_string
                0x0000000010004a04      0x100 CMakeFiles/microphone_dma.dir/home/lucasfrazao/pico-sdk/src/rp2_common/pico_stdio/stdio.c.o
                0x0000000010004a04                stdio_put_string
 .text.stdio_set_driver_enabled
                0x0000000010004b04       0x30 CMakeFiles/microphone_dma.dir/home/lucasfrazao/pico-sdk/src/rp2_common/pico_stdio/stdio.c.o
                0x0000000010004b04                stdio_set_driver_enabled
 .text.stdio_init_all
                0x0000000010004b34        0x8 CMakeFiles/microphone_dma.dir/home/lucasfrazao/pico-sdk/src/rp2_common/pico_stdio/stdio.c.o
                0x0000000010004b34                stdio_init_all
 .text.__wrap_putchar
                0x0000000010004b3c       0x98 CMakeFiles/microphone_dma.dir/home/lucasfrazao/pico-sdk/src/rp2_common/pico_stdio/stdio.c.o
                0x0000000010004b3c                stdio_putchar
                0x0000000010004b3c                __wrap_putchar
 .text.__wrap_puts
                0x0000000010004bd4       0x3c CMakeFiles/microphone_dma.dir/home/lucasfrazao/pico-sdk/src/rp2_common/pico_stdio/stdio.c.o
                0x0000000010004bd4                __wrap_puts
                0x0000000010004bd4                stdio_puts
 .text.__wrap_vprintf
                0x0000000010004c10       0xd8 CMakeFiles/microphone_dma.dir/home/lucasfrazao/pico-sdk/src/rp2_common/pico_stdio/stdio.c.o
                0x0000000010004c10                __wrap_vprintf
                0x0000000010004c10                stdio_vprintf
 .text.__wrap_printf
                0x0000000010004ce8       0x18 CMakeFiles/microphone_dma.dir/home/lucasfrazao/pico-sdk/src/rp2_common/pico_stdio/stdio.c.o
                0x0000000010004ce8                stdio_printf
                0x0000000010004ce8                __wrap_printf
 .text.resetd_init
                0x0000000010004d00        0x4 CMakeFiles/microphone_dma.dir/home/lucasfrazao/pico-sdk/src/rp2_common/pico_stdio_usb/reset_interface.c.o
 .text.resetd_reset
                0x0000000010004d04        0xc CMakeFiles/microphone_dma.dir/home/lucasfrazao/pico-sdk/src/rp2_common/pico_stdio_usb/reset_interface.c.o
 .text.resetd_open
                0x0000000010004d10       0x28 CMakeFiles/microphone_dma.dir/home/lucasfrazao/pico-sdk/src/rp2_common/pico_stdio_usb/reset_interface.c.o
 .text.resetd_xfer_cb
                0x0000000010004d38        0x4 CMakeFiles/microphone_dma.dir/home/lucasfrazao/pico-sdk/src/rp2_common/pico_stdio_usb/reset_interface.c.o
 .text.resetd_control_xfer_cb
                0x0000000010004d3c       0x60 CMakeFiles/microphone_dma.dir/home/lucasfrazao/pico-sdk/src/rp2_common/pico_stdio_usb/reset_interface.c.o
 .text.tud_descriptor_bos_cb
                0x0000000010004d9c        0x8 CMakeFiles/microphone_dma.dir/home/lucasfrazao/pico-sdk/src/rp2_common/pico_stdio_usb/reset_interface.c.o
                0x0000000010004d9c                tud_descriptor_bos_cb
 .text.tud_vendor_control_xfer_cb
                0x0000000010004da4       0x34 CMakeFiles/microphone_dma.dir/home/lucasfrazao/pico-sdk/src/rp2_common/pico_stdio_usb/reset_interface.c.o
                0x0000000010004da4                tud_vendor_control_xfer_cb
 .text.usbd_app_driver_get_cb
                0x0000000010004dd8        0xc CMakeFiles/microphone_dma.dir/home/lucasfrazao/pico-sdk/src/rp2_common/pico_stdio_usb/reset_interface.c.o
                0x0000000010004dd8                usbd_app_driver_get_cb
 .text.tud_cdc_line_coding_cb
                0x0000000010004de4       0x2c CMakeFiles/microphone_dma.dir/home/lucasfrazao/pico-sdk/src/rp2_common/pico_stdio_usb/reset_interface.c.o
                0x0000000010004de4                tud_cdc_line_coding_cb
 .text.stdio_usb_set_chars_available_callback
                0x0000000010004e10       0x14 CMakeFiles/microphone_dma.dir/home/lucasfrazao/pico-sdk/src/rp2_common/pico_stdio_usb/stdio_usb.c.o
                0x0000000010004e10                stdio_usb_set_chars_available_callback
 .text.usb_irq  0x0000000010004e24       0x10 CMakeFiles/microphone_dma.dir/home/lucasfrazao/pico-sdk/src/rp2_common/pico_stdio_usb/stdio_usb.c.o
 .text.timer_task
                0x0000000010004e34       0x64 CMakeFiles/microphone_dma.dir/home/lucasfrazao/pico-sdk/src/rp2_common/pico_stdio_usb/stdio_usb.c.o
 .text.stdio_usb_in_chars
                0x0000000010004e98       0x90 CMakeFiles/microphone_dma.dir/home/lucasfrazao/pico-sdk/src/rp2_common/pico_stdio_usb/stdio_usb.c.o
                0x0000000010004e98                stdio_usb_in_chars
 .text.stdio_usb_out_flush
                0x0000000010004f28       0x50 CMakeFiles/microphone_dma.dir/home/lucasfrazao/pico-sdk/src/rp2_common/pico_stdio_usb/stdio_usb.c.o
 .text.stdio_usb_out_chars
                0x0000000010004f78      0x100 CMakeFiles/microphone_dma.dir/home/lucasfrazao/pico-sdk/src/rp2_common/pico_stdio_usb/stdio_usb.c.o
 .text.low_priority_worker_irq
                0x0000000010005078       0xc8 CMakeFiles/microphone_dma.dir/home/lucasfrazao/pico-sdk/src/rp2_common/pico_stdio_usb/stdio_usb.c.o
 .text.stdio_usb_init
                0x0000000010005140       0xe8 CMakeFiles/microphone_dma.dir/home/lucasfrazao/pico-sdk/src/rp2_common/pico_stdio_usb/stdio_usb.c.o
                0x0000000010005140                stdio_usb_init
 .text.tud_descriptor_device_cb
                0x0000000010005228        0x8 CMakeFiles/microphone_dma.dir/home/lucasfrazao/pico-sdk/src/rp2_common/pico_stdio_usb/stdio_usb_descriptors.c.o
                0x0000000010005228                tud_descriptor_device_cb
 .text.tud_descriptor_configuration_cb
                0x0000000010005230        0x8 CMakeFiles/microphone_dma.dir/home/lucasfrazao/pico-sdk/src/rp2_common/pico_stdio_usb/stdio_usb_descriptors.c.o
                0x0000000010005230                tud_descriptor_configuration_cb
 .text.tud_descriptor_string_cb
                0x0000000010005238       0x74 CMakeFiles/microphone_dma.dir/home/lucasfrazao/pico-sdk/src/rp2_common/pico_stdio_usb/stdio_usb_descriptors.c.o
                0x0000000010005238                tud_descriptor_string_cb
 .text.startup._retrieve_unique_id_on_boot
                0x00000000100052ac       0x10 CMakeFiles/microphone_dma.dir/home/lucasfrazao/pico-sdk/src/rp2_common/pico_unique_id/unique_id.c.o
 .text.pico_get_unique_board_id_string
                0x00000000100052bc      0x1a8 CMakeFiles/microphone_dma.dir/home/lucasfrazao/pico-sdk/src/rp2_common/pico_unique_id/unique_id.c.o
                0x00000000100052bc                pico_get_unique_board_id_string
 .text.flash_get_unique_id
                0x0000000010005464       0x40 CMakeFiles/microphone_dma.dir/home/lucasfrazao/pico-sdk/src/rp2_common/hardware_flash/flash.c.o
                0x0000000010005464                flash_get_unique_id
 .text.dcd_init
                0x00000000100054a4       0x90 CMakeFiles/microphone_dma.dir/home/lucasfrazao/pico-sdk/lib/tinyusb/src/portable/raspberrypi/rp2040/dcd_rp2040.c.o
                0x00000000100054a4                dcd_init
 .text.dcd_int_enable
                0x0000000010005534        0xc CMakeFiles/microphone_dma.dir/home/lucasfrazao/pico-sdk/lib/tinyusb/src/portable/raspberrypi/rp2040/dcd_rp2040.c.o
                0x0000000010005534                dcd_int_enable
 .text.dcd_set_address
                0x0000000010005540       0x14 CMakeFiles/microphone_dma.dir/home/lucasfrazao/pico-sdk/lib/tinyusb/src/portable/raspberrypi/rp2040/dcd_rp2040.c.o
                0x0000000010005540                dcd_set_address
 .text.dcd_sof_enable
                0x0000000010005554       0x1c CMakeFiles/microphone_dma.dir/home/lucasfrazao/pico-sdk/lib/tinyusb/src/portable/raspberrypi/rp2040/dcd_rp2040.c.o
                0x0000000010005554                dcd_sof_enable
 .text.dcd_edpt0_status_complete
                0x0000000010005570       0x1c CMakeFiles/microphone_dma.dir/home/lucasfrazao/pico-sdk/lib/tinyusb/src/portable/raspberrypi/rp2040/dcd_rp2040.c.o
                0x0000000010005570                dcd_edpt0_status_complete
 .text.dcd_edpt_open
                0x000000001000558c      0x114 CMakeFiles/microphone_dma.dir/home/lucasfrazao/pico-sdk/lib/tinyusb/src/portable/raspberrypi/rp2040/dcd_rp2040.c.o
                0x000000001000558c                dcd_edpt_open
 .text.dcd_edpt_close_all
                0x00000000100056a0        0x8 CMakeFiles/microphone_dma.dir/home/lucasfrazao/pico-sdk/lib/tinyusb/src/portable/raspberrypi/rp2040/dcd_rp2040.c.o
                0x00000000100056a0                dcd_edpt_close_all
 .text.dcd_edpt_xfer
                0x00000000100056a8       0x24 CMakeFiles/microphone_dma.dir/home/lucasfrazao/pico-sdk/lib/tinyusb/src/portable/raspberrypi/rp2040/dcd_rp2040.c.o
                0x00000000100056a8                dcd_edpt_xfer
 .text.dcd_edpt_stall
                0x00000000100056cc       0x38 CMakeFiles/microphone_dma.dir/home/lucasfrazao/pico-sdk/lib/tinyusb/src/portable/raspberrypi/rp2040/dcd_rp2040.c.o
                0x00000000100056cc                dcd_edpt_stall
 .text.dcd_edpt_clear_stall
                0x0000000010005704       0x30 CMakeFiles/microphone_dma.dir/home/lucasfrazao/pico-sdk/lib/tinyusb/src/portable/raspberrypi/rp2040/dcd_rp2040.c.o
                0x0000000010005704                dcd_edpt_clear_stall
 .text.rp2040_usb_init
                0x0000000010005734       0x40 CMakeFiles/microphone_dma.dir/home/lucasfrazao/pico-sdk/lib/tinyusb/src/portable/raspberrypi/rp2040/rp2040_usb.c.o
                0x0000000010005734                rp2040_usb_init
 .text.hw_endpoint_xfer_start
                0x0000000010005774       0x50 CMakeFiles/microphone_dma.dir/home/lucasfrazao/pico-sdk/lib/tinyusb/src/portable/raspberrypi/rp2040/rp2040_usb.c.o
                0x0000000010005774                hw_endpoint_xfer_start
 .text.tud_event_hook_cb
                0x00000000100057c4        0x4 CMakeFiles/microphone_dma.dir/home/lucasfrazao/pico-sdk/lib/tinyusb/src/device/usbd.c.o
                0x00000000100057c4                tud_event_hook_cb
 .text.tud_sof_cb
                0x00000000100057c8        0x4 CMakeFiles/microphone_dma.dir/home/lucasfrazao/pico-sdk/lib/tinyusb/src/device/usbd.c.o
                0x00000000100057c8                tud_sof_cb
 .text.tud_descriptor_device_qualifier_cb
                0x00000000100057cc        0x4 CMakeFiles/microphone_dma.dir/home/lucasfrazao/pico-sdk/lib/tinyusb/src/device/usbd.c.o
                0x00000000100057cc                tud_descriptor_device_qualifier_cb
 .text.tud_descriptor_other_speed_configuration_cb
                0x00000000100057d0        0x4 CMakeFiles/microphone_dma.dir/home/lucasfrazao/pico-sdk/lib/tinyusb/src/device/usbd.c.o
                0x00000000100057d0                tud_descriptor_other_speed_configuration_cb
 .text.tud_mount_cb
                0x00000000100057d4        0x4 CMakeFiles/microphone_dma.dir/home/lucasfrazao/pico-sdk/lib/tinyusb/src/device/usbd.c.o
                0x00000000100057d4                tud_mount_cb
 .text.tud_umount_cb
                0x00000000100057d8        0x4 CMakeFiles/microphone_dma.dir/home/lucasfrazao/pico-sdk/lib/tinyusb/src/device/usbd.c.o
                0x00000000100057d8                tud_umount_cb
 .text.tud_suspend_cb
                0x00000000100057dc        0x4 CMakeFiles/microphone_dma.dir/home/lucasfrazao/pico-sdk/lib/tinyusb/src/device/usbd.c.o
                0x00000000100057dc                tud_suspend_cb
 .text.tud_resume_cb
                0x00000000100057e0        0x4 CMakeFiles/microphone_dma.dir/home/lucasfrazao/pico-sdk/lib/tinyusb/src/device/usbd.c.o
                0x00000000100057e0                tud_resume_cb
 .text.tud_mounted
                0x00000000100057e4       0x10 CMakeFiles/microphone_dma.dir/home/lucasfrazao/pico-sdk/lib/tinyusb/src/device/usbd.c.o
                0x00000000100057e4                tud_mounted
 .text.tud_suspended
                0x00000000100057f4       0x10 CMakeFiles/microphone_dma.dir/home/lucasfrazao/pico-sdk/lib/tinyusb/src/device/usbd.c.o
                0x00000000100057f4                tud_suspended
 .text.tud_rhport_init
                0x0000000010005804       0xf4 CMakeFiles/microphone_dma.dir/home/lucasfrazao/pico-sdk/lib/tinyusb/src/device/usbd.c.o
                0x0000000010005804                tud_rhport_init
 .text.tud_task_ext
                0x00000000100058f8      0x800 CMakeFiles/microphone_dma.dir/home/lucasfrazao/pico-sdk/lib/tinyusb/src/device/usbd.c.o
                0x00000000100058f8                tud_task_ext
 .text.usbd_open_edpt_pair
                0x00000000100060f8       0x9c CMakeFiles/microphone_dma.dir/home/lucasfrazao/pico-sdk/lib/tinyusb/src/device/usbd.c.o
                0x00000000100060f8                usbd_open_edpt_pair
 .text.usbd_edpt_open
                0x0000000010006194       0x34 CMakeFiles/microphone_dma.dir/home/lucasfrazao/pico-sdk/lib/tinyusb/src/device/usbd.c.o
                0x0000000010006194                usbd_edpt_open
 .text.usbd_edpt_claim
                0x00000000100061c8       0x28 CMakeFiles/microphone_dma.dir/home/lucasfrazao/pico-sdk/lib/tinyusb/src/device/usbd.c.o
                0x00000000100061c8                usbd_edpt_claim
 .text.usbd_edpt_release
                0x00000000100061f0       0x28 CMakeFiles/microphone_dma.dir/home/lucasfrazao/pico-sdk/lib/tinyusb/src/device/usbd.c.o
                0x00000000100061f0                usbd_edpt_release
 .text.usbd_edpt_xfer
                0x0000000010006218       0x4c CMakeFiles/microphone_dma.dir/home/lucasfrazao/pico-sdk/lib/tinyusb/src/device/usbd.c.o
                0x0000000010006218                usbd_edpt_xfer
 .text.tud_control_status
                0x0000000010006264       0x30 CMakeFiles/microphone_dma.dir/home/lucasfrazao/pico-sdk/lib/tinyusb/src/device/usbd_control.c.o
                0x0000000010006264                tud_control_status
 .text.tud_control_xfer
                0x0000000010006294       0xbc CMakeFiles/microphone_dma.dir/home/lucasfrazao/pico-sdk/lib/tinyusb/src/device/usbd_control.c.o
                0x0000000010006294                tud_control_xfer
 .text.usbd_control_reset
                0x0000000010006350       0x14 CMakeFiles/microphone_dma.dir/home/lucasfrazao/pico-sdk/lib/tinyusb/src/device/usbd_control.c.o
                0x0000000010006350                usbd_control_reset
 .text.usbd_control_set_complete_callback
                0x0000000010006364        0xc CMakeFiles/microphone_dma.dir/home/lucasfrazao/pico-sdk/lib/tinyusb/src/device/usbd_control.c.o
                0x0000000010006364                usbd_control_set_complete_callback
 .text.usbd_control_set_request
                0x0000000010006370       0x1c CMakeFiles/microphone_dma.dir/home/lucasfrazao/pico-sdk/lib/tinyusb/src/device/usbd_control.c.o
                0x0000000010006370                usbd_control_set_request
 .text.usbd_control_xfer_cb
                0x000000001000638c       0xf0 CMakeFiles/microphone_dma.dir/home/lucasfrazao/pico-sdk/lib/tinyusb/src/device/usbd_control.c.o
                0x000000001000638c                usbd_control_xfer_cb
 .text._prep_out_transaction.isra.0
                0x000000001000647c       0x6c CMakeFiles/microphone_dma.dir/home/lucasfrazao/pico-sdk/lib/tinyusb/src/class/cdc/cdc_device.c.o
 .text.tud_cdc_n_connected
                0x00000000100064e8       0x2c CMakeFiles/microphone_dma.dir/home/lucasfrazao/pico-sdk/lib/tinyusb/src/class/cdc/cdc_device.c.o
                0x00000000100064e8                tud_cdc_n_connected
 .text.tud_cdc_n_available
                0x0000000010006514       0x18 CMakeFiles/microphone_dma.dir/home/lucasfrazao/pico-sdk/lib/tinyusb/src/class/cdc/cdc_device.c.o
                0x0000000010006514                tud_cdc_n_available
 .text.tud_cdc_n_read
                0x000000001000652c       0x94 CMakeFiles/microphone_dma.dir/home/lucasfrazao/pico-sdk/lib/tinyusb/src/class/cdc/cdc_device.c.o
                0x000000001000652c                tud_cdc_n_read
 .text.tud_cdc_n_write_flush
                0x00000000100065c0       0x78 CMakeFiles/microphone_dma.dir/home/lucasfrazao/pico-sdk/lib/tinyusb/src/class/cdc/cdc_device.c.o
                0x00000000100065c0                tud_cdc_n_write_flush
 .text.tud_cdc_n_write
                0x0000000010006638       0x44 CMakeFiles/microphone_dma.dir/home/lucasfrazao/pico-sdk/lib/tinyusb/src/class/cdc/cdc_device.c.o
                0x0000000010006638                tud_cdc_n_write
 .text.tud_cdc_n_write_available
                0x000000001000667c       0x18 CMakeFiles/microphone_dma.dir/home/lucasfrazao/pico-sdk/lib/tinyusb/src/class/cdc/cdc_device.c.o
                0x000000001000667c                tud_cdc_n_write_available
 .text.cdcd_init
                0x0000000010006694       0x70 CMakeFiles/microphone_dma.dir/home/lucasfrazao/pico-sdk/lib/tinyusb/src/class/cdc/cdc_device.c.o
                0x0000000010006694                cdcd_init
 .text.cdcd_deinit
                0x0000000010006704       0x24 CMakeFiles/microphone_dma.dir/home/lucasfrazao/pico-sdk/lib/tinyusb/src/class/cdc/cdc_device.c.o
                0x0000000010006704                cdcd_deinit
 .text.cdcd_reset
                0x0000000010006728       0x4c CMakeFiles/microphone_dma.dir/home/lucasfrazao/pico-sdk/lib/tinyusb/src/class/cdc/cdc_device.c.o
                0x0000000010006728                cdcd_reset
 .text.cdcd_open
                0x0000000010006774       0xa8 CMakeFiles/microphone_dma.dir/home/lucasfrazao/pico-sdk/lib/tinyusb/src/class/cdc/cdc_device.c.o
                0x0000000010006774                cdcd_open
 .text.cdcd_control_xfer_cb
                0x000000001000681c       0xe8 CMakeFiles/microphone_dma.dir/home/lucasfrazao/pico-sdk/lib/tinyusb/src/class/cdc/cdc_device.c.o
                0x000000001000681c                cdcd_control_xfer_cb
 .text.cdcd_xfer_cb
                0x0000000010006904       0xfc CMakeFiles/microphone_dma.dir/home/lucasfrazao/pico-sdk/lib/tinyusb/src/class/cdc/cdc_device.c.o
                0x0000000010006904                cdcd_xfer_cb
 .text.vendord_init
                0x0000000010006a00       0x5c CMakeFiles/microphone_dma.dir/home/lucasfrazao/pico-sdk/lib/tinyusb/src/class/vendor/vendor_device.c.o
                0x0000000010006a00                vendord_init
 .text.vendord_deinit
                0x0000000010006a5c       0x1c CMakeFiles/microphone_dma.dir/home/lucasfrazao/pico-sdk/lib/tinyusb/src/class/vendor/vendor_device.c.o
                0x0000000010006a5c                vendord_deinit
 .text.vendord_reset
                0x0000000010006a78       0x28 CMakeFiles/microphone_dma.dir/home/lucasfrazao/pico-sdk/lib/tinyusb/src/class/vendor/vendor_device.c.o
                0x0000000010006a78                vendord_reset
 .text.vendord_open
                0x0000000010006aa0      0x128 CMakeFiles/microphone_dma.dir/home/lucasfrazao/pico-sdk/lib/tinyusb/src/class/vendor/vendor_device.c.o
                0x0000000010006aa0                vendord_open
 .text.vendord_xfer_cb
                0x0000000010006bc8       0x9c CMakeFiles/microphone_dma.dir/home/lucasfrazao/pico-sdk/lib/tinyusb/src/class/vendor/vendor_device.c.o
                0x0000000010006bc8                vendord_xfer_cb
 .text.tusb_rhport_init
                0x0000000010006c64       0x48 CMakeFiles/microphone_dma.dir/home/lucasfrazao/pico-sdk/lib/tinyusb/src/tusb.c.o
                0x0000000010006c64                tusb_rhport_init
 .text.tu_edpt_claim
                0x0000000010006cac       0x50 CMakeFiles/microphone_dma.dir/home/lucasfrazao/pico-sdk/lib/tinyusb/src/tusb.c.o
                0x0000000010006cac                tu_edpt_claim
 .text.tu_edpt_release
                0x0000000010006cfc       0x38 CMakeFiles/microphone_dma.dir/home/lucasfrazao/pico-sdk/lib/tinyusb/src/tusb.c.o
                0x0000000010006cfc                tu_edpt_release
 .text.tu_edpt_validate
                0x0000000010006d34       0x78 CMakeFiles/microphone_dma.dir/home/lucasfrazao/pico-sdk/lib/tinyusb/src/tusb.c.o
                0x0000000010006d34                tu_edpt_validate
 .text.tu_edpt_bind_driver
                0x0000000010006dac       0x34 CMakeFiles/microphone_dma.dir/home/lucasfrazao/pico-sdk/lib/tinyusb/src/tusb.c.o
                0x0000000010006dac                tu_edpt_bind_driver
 .text.tu_edpt_stream_init
                0x0000000010006de0       0x6c CMakeFiles/microphone_dma.dir/home/lucasfrazao/pico-sdk/lib/tinyusb/src/tusb.c.o
                0x0000000010006de0                tu_edpt_stream_init
 .text.tu_edpt_stream_deinit
                0x0000000010006e4c        0x4 CMakeFiles/microphone_dma.dir/home/lucasfrazao/pico-sdk/lib/tinyusb/src/tusb.c.o
                0x0000000010006e4c                tu_edpt_stream_deinit
 .text.tu_edpt_stream_write_zlp_if_needed
                0x0000000010006e50       0x58 CMakeFiles/microphone_dma.dir/home/lucasfrazao/pico-sdk/lib/tinyusb/src/tusb.c.o
                0x0000000010006e50                tu_edpt_stream_write_zlp_if_needed
 .text.tu_edpt_stream_write_xfer
                0x0000000010006ea8       0x64 CMakeFiles/microphone_dma.dir/home/lucasfrazao/pico-sdk/lib/tinyusb/src/tusb.c.o
                0x0000000010006ea8                tu_edpt_stream_write_xfer
 .text.tu_edpt_stream_read_xfer
                0x0000000010006f0c       0xdc CMakeFiles/microphone_dma.dir/home/lucasfrazao/pico-sdk/lib/tinyusb/src/tusb.c.o
                0x0000000010006f0c                tu_edpt_stream_read_xfer
 .text.tu_fifo_config
                0x0000000010006fe8       0x70 CMakeFiles/microphone_dma.dir/home/lucasfrazao/pico-sdk/lib/tinyusb/src/common/tusb_fifo.c.o
                0x0000000010006fe8                tu_fifo_config
 .text.tu_fifo_count
                0x0000000010007058       0x2c CMakeFiles/microphone_dma.dir/home/lucasfrazao/pico-sdk/lib/tinyusb/src/common/tusb_fifo.c.o
                0x0000000010007058                tu_fifo_count
 .text.tu_fifo_empty
                0x0000000010007084       0x10 CMakeFiles/microphone_dma.dir/home/lucasfrazao/pico-sdk/lib/tinyusb/src/common/tusb_fifo.c.o
                0x0000000010007084                tu_fifo_empty
 .text.tu_fifo_remaining
                0x0000000010007094       0x2c CMakeFiles/microphone_dma.dir/home/lucasfrazao/pico-sdk/lib/tinyusb/src/common/tusb_fifo.c.o
                0x0000000010007094                tu_fifo_remaining
 .text.tu_fifo_read
                0x00000000100070c0       0xa0 CMakeFiles/microphone_dma.dir/home/lucasfrazao/pico-sdk/lib/tinyusb/src/common/tusb_fifo.c.o
                0x00000000100070c0                tu_fifo_read
 .text.tu_fifo_read_n
                0x0000000010007160       0xec CMakeFiles/microphone_dma.dir/home/lucasfrazao/pico-sdk/lib/tinyusb/src/common/tusb_fifo.c.o
                0x0000000010007160                tu_fifo_read_n
 .text.tu_fifo_write
                0x000000001000724c       0x88 CMakeFiles/microphone_dma.dir/home/lucasfrazao/pico-sdk/lib/tinyusb/src/common/tusb_fifo.c.o
                0x000000001000724c                tu_fifo_write
 .text.tu_fifo_write_n
                0x00000000100072d4      0x168 CMakeFiles/microphone_dma.dir/home/lucasfrazao/pico-sdk/lib/tinyusb/src/common/tusb_fifo.c.o
                0x00000000100072d4                tu_fifo_write_n
 .text.tu_fifo_clear
                0x000000001000743c       0x40 CMakeFiles/microphone_dma.dir/home/lucasfrazao/pico-sdk/lib/tinyusb/src/common/tusb_fifo.c.o
                0x000000001000743c                tu_fifo_clear
 .text.tu_fifo_set_overwritable
                0x000000001000747c       0x48 CMakeFiles/microphone_dma.dir/home/lucasfrazao/pico-sdk/lib/tinyusb/src/common/tusb_fifo.c.o
                0x000000001000747c                tu_fifo_set_overwritable
 .text.dma_claim_unused_channel
                0x00000000100074c4       0x20 CMakeFiles/microphone_dma.dir/home/lucasfrazao/pico-sdk/src/rp2_common/hardware_dma/dma.c.o
                0x00000000100074c4                dma_claim_unused_channel
 .text.adc_init
                0x00000000100074e4       0x38 CMakeFiles/microphone_dma.dir/home/lucasfrazao/pico-sdk/src/rp2_common/hardware_adc/adc.c.o
                0x00000000100074e4                adc_init
 .text.pio_claim_unused_sm
                0x000000001000751c       0x38 CMakeFiles/microphone_dma.dir/home/lucasfrazao/pico-sdk/src/rp2_common/hardware_pio/pio.c.o
                0x000000001000751c                pio_claim_unused_sm
 .text.pio_add_program
                0x0000000010007554       0xf4 CMakeFiles/microphone_dma.dir/home/lucasfrazao/pico-sdk/src/rp2_common/hardware_pio/pio.c.o
                0x0000000010007554                pio_add_program
 .text.pio_sm_set_consecutive_pindirs
                0x0000000010007648       0xbc CMakeFiles/microphone_dma.dir/home/lucasfrazao/pico-sdk/src/rp2_common/hardware_pio/pio.c.o
                0x0000000010007648                pio_sm_set_consecutive_pindirs
 .text.pio_sm_init
                0x0000000010007704       0x94 CMakeFiles/microphone_dma.dir/home/lucasfrazao/pico-sdk/src/rp2_common/hardware_pio/pio.c.o
                0x0000000010007704                pio_sm_init
 .text.i2c_write_blocking_internal.constprop.0
                0x0000000010007798       0xd0 CMakeFiles/microphone_dma.dir/home/lucasfrazao/pico-sdk/src/rp2_common/hardware_i2c/i2c.c.o
 .text.i2c_set_baudrate
                0x0000000010007868       0xc0 CMakeFiles/microphone_dma.dir/home/lucasfrazao/pico-sdk/src/rp2_common/hardware_i2c/i2c.c.o
                0x0000000010007868                i2c_set_baudrate
 .text.i2c_init
                0x0000000010007928       0x54 CMakeFiles/microphone_dma.dir/home/lucasfrazao/pico-sdk/src/rp2_common/hardware_i2c/i2c.c.o
                0x0000000010007928                i2c_init
 .text.i2c_write_blocking
                0x000000001000797c       0x14 CMakeFiles/microphone_dma.dir/home/lucasfrazao/pico-sdk/src/rp2_common/hardware_i2c/i2c.c.o
                0x000000001000797c                i2c_write_blocking
 .text.calloc   0x0000000010007990       0x18 /usr/share/gcc-arm-none-eabi-10.3-2021.10/bin/../lib/gcc/arm-none-eabi/10.3.1/../../../../arm-none-eabi/lib/thumb/v6-m/nofp/libg.a(lib_a-calloc.o)
                0x0000000010007990                calloc
 .text._calloc_r
                0x00000000100079a8       0x9c /usr/share/gcc-arm-none-eabi-10.3-2021.10/bin/../lib/gcc/arm-none-eabi/10.3.1/../../../../arm-none-eabi/lib/thumb/v6-m/nofp/libg.a(lib_a-callocr.o)
                0x00000000100079a8                _calloc_r
 .text.__errno  0x0000000010007a44        0xc /usr/share/gcc-arm-none-eabi-10.3-2021.10/bin/../lib/gcc/arm-none-eabi/10.3.1/../../../../arm-none-eabi/lib/thumb/v6-m/nofp/libg.a(lib_a-errno.o)
                0x0000000010007a44                __errno
 .text.malloc   0x0000000010007a50       0x14 /usr/share/gcc-arm-none-eabi-10.3-2021.10/bin/../lib/gcc/arm-none-eabi/10.3.1/../../../../arm-none-eabi/lib/thumb/v6-m/nofp/libg.a(lib_a-malloc.o)
                0x0000000010007a50                malloc
 .text.free     0x0000000010007a64       0x14 /usr/share/gcc-arm-none-eabi-10.3-2021.10/bin/../lib/gcc/arm-none-eabi/10.3.1/../../../../arm-none-eabi/lib/thumb/v6-m/nofp/libg.a(lib_a-malloc.o)
                0x0000000010007a64                free
 .text._malloc_r
                0x0000000010007a78      0x584 /usr/share/gcc-arm-none-eabi-10.3-2021.10/bin/../lib/gcc/arm-none-eabi/10.3.1/../../../../arm-none-eabi/lib/thumb/v6-m/nofp/libg.a(lib_a-mallocr.o)
                0x0000000010007a78                _malloc_r
 .text.__malloc_lock
                0x0000000010007ffc       0x10 /usr/share/gcc-arm-none-eabi-10.3-2021.10/bin/../lib/gcc/arm-none-eabi/10.3.1/../../../../arm-none-eabi/lib/thumb/v6-m/nofp/libg.a(lib_a-mlock.o)
                0x0000000010007ffc                __malloc_lock
 .text.__malloc_unlock
                0x000000001000800c       0x10 /usr/share/gcc-arm-none-eabi-10.3-2021.10/bin/../lib/gcc/arm-none-eabi/10.3.1/../../../../arm-none-eabi/lib/thumb/v6-m/nofp/libg.a(lib_a-mlock.o)
                0x000000001000800c                __malloc_unlock
 .text._sbrk_r  0x000000001000801c       0x24 /usr/share/gcc-arm-none-eabi-10.3-2021.10/bin/../lib/gcc/arm-none-eabi/10.3.1/../../../../arm-none-eabi/lib/thumb/v6-m/nofp/libg.a(lib_a-sbrkr.o)
                0x000000001000801c                _sbrk_r
 .text.strlen   0x0000000010008040       0x5c /usr/share/gcc-arm-none-eabi-10.3-2021.10/bin/../lib/gcc/arm-none-eabi/10.3.1/../../../../arm-none-eabi/lib/thumb/v6-m/nofp/libg.a(lib_a-strlen-stub.o)
                0x0000000010008040                strlen
 .text._malloc_trim_r
                0x000000001000809c       0x9c /usr/share/gcc-arm-none-eabi-10.3-2021.10/bin/../lib/gcc/arm-none-eabi/10.3.1/../../../../arm-none-eabi/lib/thumb/v6-m/nofp/libg.a(lib_a-freer.o)
                0x000000001000809c                _malloc_trim_r
 .text._free_r  0x0000000010008138      0x1c4 /usr/share/gcc-arm-none-eabi-10.3-2021.10/bin/../lib/gcc/arm-none-eabi/10.3.1/../../../../arm-none-eabi/lib/thumb/v6-m/nofp/libg.a(lib_a-freer.o)
                0x0000000010008138                _free_r
 .text.__retarget_lock_acquire_recursive
                0x00000000100082fc        0x4 /usr/share/gcc-arm-none-eabi-10.3-2021.10/bin/../lib/gcc/arm-none-eabi/10.3.1/../../../../arm-none-eabi/lib/thumb/v6-m/nofp/libg.a(lib_a-lock.o)
                0x00000000100082fc                __retarget_lock_acquire_recursive
 .text.__retarget_lock_release_recursive
                0x0000000010008300        0x4 /usr/share/gcc-arm-none-eabi-10.3-2021.10/bin/../lib/gcc/arm-none-eabi/10.3.1/../../../../arm-none-eabi/lib/thumb/v6-m/nofp/libg.a(lib_a-lock.o)
                0x0000000010008300                __retarget_lock_release_recursive
 *(.fini)
 .fini          0x0000000010008304        0x4 /usr/share/gcc-arm-none-eabi-10.3-2021.10/bin/../lib/gcc/arm-none-eabi/10.3.1/thumb/v6-m/nofp/crti.o
                0x0000000010008304                _fini
 .fini.__stub   0x0000000010008308       0xd0 linker stubs
 *crtbegin.o(.ctors)
 *crtbegin?.o(.ctors)
 *(EXCLUDE_FILE(*crtend.o *crtend?.o) .ctors)
 *(SORT_BY_NAME(.ctors.*))
 *(.ctors)
 *crtbegin.o(.dtors)
 *crtbegin?.o(.dtors)
 *(EXCLUDE_FILE(*crtend.o *crtend?.o) .dtors)
 *(SORT_BY_NAME(.dtors.*))
 *(.dtors)
                0x00000000100083d8                . = ALIGN (0x4)
                0x00000000100083d8                PROVIDE (__preinit_array_start = .)
 *(SORT_BY_NAME(.preinit_array.*))
 .preinit_array.00100
                0x00000000100083d8        0x4 CMakeFiles/microphone_dma.dir/home/lucasfrazao/pico-sdk/src/rp2_common/pico_runtime_init/runtime_init.c.o
                0x00000000100083d8                __pre_init_runtime_init_early_resets
 .preinit_array.00101
                0x00000000100083dc        0x4 CMakeFiles/microphone_dma.dir/home/lucasfrazao/pico-sdk/src/rp2_common/pico_runtime_init/runtime_init.c.o
                0x00000000100083dc                __pre_init_runtime_init_usb_power_down
 .preinit_array.00275
                0x00000000100083e0        0x4 CMakeFiles/microphone_dma.dir/home/lucasfrazao/pico-sdk/src/rp2_common/pico_bit_ops/bit_ops_aeabi.S.o
 .preinit_array.00300
                0x00000000100083e4        0x4 CMakeFiles/microphone_dma.dir/home/lucasfrazao/pico-sdk/src/rp2_common/pico_mem_ops/mem_ops_aeabi.S.o
 .preinit_array.00350
                0x00000000100083e8        0x4 CMakeFiles/microphone_dma.dir/home/lucasfrazao/pico-sdk/src/rp2_common/pico_double/double_aeabi_rp2040.S.o
 .preinit_array.00350
                0x00000000100083ec        0x4 CMakeFiles/microphone_dma.dir/home/lucasfrazao/pico-sdk/src/rp2_common/pico_float/float_aeabi_rp2040.S.o
 .preinit_array.00500
                0x00000000100083f0        0x4 CMakeFiles/microphone_dma.dir/home/lucasfrazao/pico-sdk/src/rp2_common/pico_runtime_init/runtime_init.c.o
                0x00000000100083f0                __pre_init_runtime_init_clocks
 .preinit_array.00600
                0x00000000100083f4        0x4 CMakeFiles/microphone_dma.dir/home/lucasfrazao/pico-sdk/src/rp2_common/pico_runtime_init/runtime_init.c.o
                0x00000000100083f4                __pre_init_runtime_init_post_clock_resets
 .preinit_array.00700
                0x00000000100083f8        0x4 CMakeFiles/microphone_dma.dir/home/lucasfrazao/pico-sdk/src/rp2_common/pico_runtime_init/runtime_init.c.o
                0x00000000100083f8                __pre_init_runtime_init_rp2040_gpio_ie_disable
 .preinit_array.01000
                0x00000000100083fc        0x4 CMakeFiles/microphone_dma.dir/home/lucasfrazao/pico-sdk/src/rp2_common/pico_runtime_init/runtime_init.c.o
                0x00000000100083fc                __pre_init_runtime_init_spin_locks_reset
 .preinit_array.01100
                0x0000000010008400        0x4 CMakeFiles/microphone_dma.dir/home/lucasfrazao/pico-sdk/src/common/pico_sync/mutex.c.o
                0x0000000010008400                __pre_init_runtime_init_mutex
 .preinit_array.10080
                0x0000000010008404        0x4 CMakeFiles/microphone_dma.dir/home/lucasfrazao/pico-sdk/src/rp2_common/pico_runtime_init/runtime_init.c.o
                0x0000000010008404                __pre_init_runtime_init_install_ram_vector_table
 .preinit_array.11000
                0x0000000010008408        0x4 CMakeFiles/microphone_dma.dir/home/lucasfrazao/pico-sdk/src/common/pico_time/time.c.o
                0x0000000010008408                __pre_init_runtime_init_default_alarm_pool
 .preinit_array.YYYYY
                0x000000001000840c        0x4 CMakeFiles/microphone_dma.dir/home/lucasfrazao/pico-sdk/src/rp2_common/pico_runtime/runtime.c.o
                0x000000001000840c                __pre_init_first_per_core_initializer
 .preinit_array.ZZZZZ.01200
                0x0000000010008410        0x4 CMakeFiles/microphone_dma.dir/home/lucasfrazao/pico-sdk/src/rp2_common/hardware_irq/irq.c.o
                0x0000000010008410                __pre_init_runtime_init_per_core_irq_priorities
 *(.preinit_array)
                0x0000000010008414                PROVIDE (__preinit_array_end = .)
                0x0000000010008414                . = ALIGN (0x4)
                0x0000000010008414                PROVIDE (__init_array_start = .)
 *(SORT_BY_NAME(.init_array.*))
 *(.init_array)
 .init_array    0x0000000010008414        0x4 /usr/share/gcc-arm-none-eabi-10.3-2021.10/bin/../lib/gcc/arm-none-eabi/10.3.1/thumb/v6-m/nofp/crtbegin.o
 .init_array    0x0000000010008418        0x4 CMakeFiles/microphone_dma.dir/home/lucasfrazao/pico-sdk/src/rp2_common/pico_unique_id/unique_id.c.o
                0x000000001000841c                PROVIDE (__init_array_end = .)
                0x000000001000841c                . = ALIGN (0x4)
                [!provide]                        PROVIDE (__fini_array_start = .)
 *(SORT_BY_NAME(.fini_array.*))
 *(.fini_array)
                [!provide]                        PROVIDE (__fini_array_end = .)
 *(.eh_frame*)
 .eh_frame      0x000000001000841c        0x0 /usr/share/gcc-arm-none-eabi-10.3-2021.10/bin/../lib/gcc/arm-none-eabi/10.3.1/thumb/v6-m/nofp/crtbegin.o
                0x000000001000841c                . = ALIGN (0x4)

.glue_7         0x000000001000841c        0x0
 .glue_7        0x000000001000841c        0x0 linker stubs

.glue_7t        0x000000001000841c        0x0
 .glue_7t       0x000000001000841c        0x0 linker stubs

.vfp11_veneer   0x000000001000841c        0x0
 .vfp11_veneer  0x000000001000841c        0x0 linker stubs

.v4_bx          0x000000001000841c        0x0
 .v4_bx         0x000000001000841c        0x0 linker stubs

.iplt           0x000000001000841c        0x0
 .iplt          0x000000001000841c        0x0 /usr/share/gcc-arm-none-eabi-10.3-2021.10/bin/../lib/gcc/arm-none-eabi/10.3.1/thumb/v6-m/nofp/crtbegin.o

.rodata         0x0000000010008420      0x9d8
 *(EXCLUDE_FILE(*libm.a: *libc.a:*lib_a-mem*.o *libgcc.a:) .rodata*)
 .rodata.main.str1.4
                0x0000000010008420       0xc3 CMakeFiles/microphone_dma.dir/microphone_dma.c.o
 *fill*         0x00000000100084e3        0x1 
 .rodata.ws2818b_program
                0x00000000100084e4        0x8 CMakeFiles/microphone_dma.dir/microphone_dma.c.o
 .rodata.ws2818b_program_instructions
                0x00000000100084ec        0x8 CMakeFiles/microphone_dma.dir/microphone_dma.c.o
 .rodata        0x00000000100084f4       0x1a CMakeFiles/microphone_dma.dir/inc/ssd1306_i2c.c.o
 *fill*         0x000000001000850e        0x2 
 .rodata.font   0x0000000010008510      0x128 CMakeFiles/microphone_dma.dir/inc/ssd1306_i2c.c.o
 .rodata.panic.str1.4
                0x0000000010008638       0x10 CMakeFiles/microphone_dma.dir/home/lucasfrazao/pico-sdk/src/rp2_common/pico_platform_panic/panic.c.o
                                         0x12 (size before relaxing)
 .rodata.spin_lock_claim_unused.str1.4
                0x0000000010008648       0x1b CMakeFiles/microphone_dma.dir/home/lucasfrazao/pico-sdk/src/rp2_common/hardware_sync/sync.c.o
 *fill*         0x0000000010008663        0x1 
 .rodata.user_irq_claim_unused.str1.4
                0x0000000010008664       0x1b CMakeFiles/microphone_dma.dir/home/lucasfrazao/pico-sdk/src/rp2_common/hardware_irq/irq.c.o
 *fill*         0x000000001000867f        0x1 
 .rodata.timer_hardware_alarm_claim.str1.4
                0x0000000010008680       0x22 CMakeFiles/microphone_dma.dir/home/lucasfrazao/pico-sdk/src/rp2_common/hardware_timer/timer.c.o
 *fill*         0x00000000100086a2        0x2 
 .rodata.hard_assertion_failure.str1.4
                0x00000000100086a4        0xc CMakeFiles/microphone_dma.dir/home/lucasfrazao/pico-sdk/src/rp2_common/pico_runtime/runtime.c.o
 .rodata.__wrap_malloc.str1.4
                0x00000000100086b0        0xe CMakeFiles/microphone_dma.dir/home/lucasfrazao/pico-sdk/src/rp2_common/pico_malloc/malloc.c.o
 *fill*         0x00000000100086be        0x2 
 .rodata.str1.4
                0x00000000100086c0       0x48 CMakeFiles/microphone_dma.dir/home/lucasfrazao/pico-sdk/src/rp2_common/pico_standard_binary_info/standard_binary_info.c.o
 .rodata.__bi_26
                0x0000000010008708        0xc CMakeFiles/microphone_dma.dir/home/lucasfrazao/pico-sdk/src/rp2_common/pico_standard_binary_info/standard_binary_info.c.o
 .rodata.__bi_34
                0x0000000010008714        0xc CMakeFiles/microphone_dma.dir/home/lucasfrazao/pico-sdk/src/rp2_common/pico_standard_binary_info/standard_binary_info.c.o
 .rodata.__bi_42
                0x0000000010008720        0xc CMakeFiles/microphone_dma.dir/home/lucasfrazao/pico-sdk/src/rp2_common/pico_standard_binary_info/standard_binary_info.c.o
 .rodata.__bi_48
                0x000000001000872c        0xc CMakeFiles/microphone_dma.dir/home/lucasfrazao/pico-sdk/src/rp2_common/pico_standard_binary_info/standard_binary_info.c.o
 .rodata.__bi_54
                0x0000000010008738        0xc CMakeFiles/microphone_dma.dir/home/lucasfrazao/pico-sdk/src/rp2_common/pico_standard_binary_info/standard_binary_info.c.o
 .rodata.__bi_60
                0x0000000010008744        0xc CMakeFiles/microphone_dma.dir/home/lucasfrazao/pico-sdk/src/rp2_common/pico_standard_binary_info/standard_binary_info.c.o
 .rodata.__bi_78
                0x0000000010008750        0xc CMakeFiles/microphone_dma.dir/home/lucasfrazao/pico-sdk/src/rp2_common/pico_standard_binary_info/standard_binary_info.c.o
 .rodata.__bi_84
                0x000000001000875c        0xc CMakeFiles/microphone_dma.dir/home/lucasfrazao/pico-sdk/src/rp2_common/pico_standard_binary_info/standard_binary_info.c.o
 .rodata._ftoa.str1.4
                0x0000000010008768       0x15 CMakeFiles/microphone_dma.dir/home/lucasfrazao/pico-sdk/src/rp2_common/pico_printf/printf.c.o
 *fill*         0x000000001000877d        0x3 
 .rodata._vsnprintf
                0x0000000010008780      0x1e0 CMakeFiles/microphone_dma.dir/home/lucasfrazao/pico-sdk/src/rp2_common/pico_printf/printf.c.o
 .rodata.pow10.0
                0x0000000010008960       0x50 CMakeFiles/microphone_dma.dir/home/lucasfrazao/pico-sdk/src/rp2_common/pico_printf/printf.c.o
 .rodata.crlf_str.0
                0x00000000100089b0        0x2 CMakeFiles/microphone_dma.dir/home/lucasfrazao/pico-sdk/src/rp2_common/pico_stdio/stdio.c.o
 *fill*         0x00000000100089b2        0x2 
 .rodata._resetd_driver
                0x00000000100089b4       0x20 CMakeFiles/microphone_dma.dir/home/lucasfrazao/pico-sdk/src/rp2_common/pico_stdio_usb/reset_interface.c.o
 .rodata.desc_bos
                0x00000000100089d4       0x21 CMakeFiles/microphone_dma.dir/home/lucasfrazao/pico-sdk/src/rp2_common/pico_stdio_usb/reset_interface.c.o
                0x00000000100089d4                desc_bos
 *fill*         0x00000000100089f5        0x3 
 .rodata.desc_ms_os_20
                0x00000000100089f8       0xa6 CMakeFiles/microphone_dma.dir/home/lucasfrazao/pico-sdk/src/rp2_common/pico_stdio_usb/reset_interface.c.o
 *fill*         0x0000000010008a9e        0x2 
 .rodata.str1.4
                0x0000000010008aa0       0x13 CMakeFiles/microphone_dma.dir/home/lucasfrazao/pico-sdk/src/rp2_common/pico_stdio_usb/stdio_usb.c.o
 *fill*         0x0000000010008ab3        0x1 
 .rodata.__bi_197.0
                0x0000000010008ab4        0xc CMakeFiles/microphone_dma.dir/home/lucasfrazao/pico-sdk/src/rp2_common/pico_stdio_usb/stdio_usb.c.o
 .rodata.str1.4
                0x0000000010008ac0       0x2a CMakeFiles/microphone_dma.dir/home/lucasfrazao/pico-sdk/src/rp2_common/pico_stdio_usb/stdio_usb_descriptors.c.o
 *fill*         0x0000000010008aea        0x2 
 .rodata.usbd_desc_cfg
                0x0000000010008aec       0x54 CMakeFiles/microphone_dma.dir/home/lucasfrazao/pico-sdk/src/rp2_common/pico_stdio_usb/stdio_usb_descriptors.c.o
 .rodata.usbd_desc_device
                0x0000000010008b40       0x12 CMakeFiles/microphone_dma.dir/home/lucasfrazao/pico-sdk/src/rp2_common/pico_stdio_usb/stdio_usb_descriptors.c.o
 *fill*         0x0000000010008b52        0x2 
 .rodata.usbd_desc_str
                0x0000000010008b54       0x18 CMakeFiles/microphone_dma.dir/home/lucasfrazao/pico-sdk/src/rp2_common/pico_stdio_usb/stdio_usb_descriptors.c.o
 .rodata.str1.4
                0x0000000010008b6c       0x14 CMakeFiles/microphone_dma.dir/home/lucasfrazao/pico-sdk/lib/tinyusb/src/portable/raspberrypi/rp2040/dcd_rp2040.c.o
 .rodata.str1.4
                0x0000000010008b80       0x48 CMakeFiles/microphone_dma.dir/home/lucasfrazao/pico-sdk/lib/tinyusb/src/portable/raspberrypi/rp2040/rp2040_usb.c.o
 .rodata.tud_task_ext
                0x0000000010008bc8       0x8c CMakeFiles/microphone_dma.dir/home/lucasfrazao/pico-sdk/lib/tinyusb/src/device/usbd.c.o
 .rodata        0x0000000010008c54       0x1c CMakeFiles/microphone_dma.dir/home/lucasfrazao/pico-sdk/lib/tinyusb/src/device/usbd.c.o
 .rodata._usbd_driver
                0x0000000010008c70       0x40 CMakeFiles/microphone_dma.dir/home/lucasfrazao/pico-sdk/lib/tinyusb/src/device/usbd.c.o
 .rodata.dma_claim_unused_channel.str1.4
                0x0000000010008cb0       0x1e CMakeFiles/microphone_dma.dir/home/lucasfrazao/pico-sdk/src/rp2_common/hardware_dma/dma.c.o
 *fill*         0x0000000010008cce        0x2 
 .rodata.pio_claim_unused_sm.str1.4
                0x0000000010008cd0       0x24 CMakeFiles/microphone_dma.dir/home/lucasfrazao/pico-sdk/src/rp2_common/hardware_pio/pio.c.o
 .rodata._ctype_
                0x0000000010008cf4      0x101 /usr/share/gcc-arm-none-eabi-10.3-2021.10/bin/../lib/gcc/arm-none-eabi/10.3.1/../../../../arm-none-eabi/lib/thumb/v6-m/nofp/libg.a(lib_a-ctype_.o)
                0x0000000010008cf4                _ctype_
                0x0000000010008df8                . = ALIGN (0x4)
 *fill*         0x0000000010008df5        0x3 
 *(SORT_BY_ALIGNMENT(SORT_BY_NAME(.flashdata*)))
                0x0000000010008df8                . = ALIGN (0x4)

.ARM.extab
 *(.ARM.extab* .gnu.linkonce.armextab.*)
                0x0000000010008df8                __exidx_start = .

.ARM.exidx
 *(.ARM.exidx* .gnu.linkonce.armexidx.*)
                0x0000000010008df8                __exidx_end = .
                0x0000000010008df8                . = ALIGN (0x4)
                0x0000000010008df8                __binary_info_start = .

.binary_info    0x0000000010008df8       0x24
 *(.binary_info.keep.*)
 .binary_info.keep.__bi_ptr26
                0x0000000010008df8        0x4 CMakeFiles/microphone_dma.dir/home/lucasfrazao/pico-sdk/src/rp2_common/pico_standard_binary_info/standard_binary_info.c.o
 .binary_info.keep.__bi_ptr34
                0x0000000010008dfc        0x4 CMakeFiles/microphone_dma.dir/home/lucasfrazao/pico-sdk/src/rp2_common/pico_standard_binary_info/standard_binary_info.c.o
 .binary_info.keep.__bi_ptr42
                0x0000000010008e00        0x4 CMakeFiles/microphone_dma.dir/home/lucasfrazao/pico-sdk/src/rp2_common/pico_standard_binary_info/standard_binary_info.c.o
 .binary_info.keep.__bi_ptr48
                0x0000000010008e04        0x4 CMakeFiles/microphone_dma.dir/home/lucasfrazao/pico-sdk/src/rp2_common/pico_standard_binary_info/standard_binary_info.c.o
 .binary_info.keep.__bi_ptr54
                0x0000000010008e08        0x4 CMakeFiles/microphone_dma.dir/home/lucasfrazao/pico-sdk/src/rp2_common/pico_standard_binary_info/standard_binary_info.c.o
 .binary_info.keep.__bi_ptr60
                0x0000000010008e0c        0x4 CMakeFiles/microphone_dma.dir/home/lucasfrazao/pico-sdk/src/rp2_common/pico_standard_binary_info/standard_binary_info.c.o
 .binary_info.keep.__bi_ptr78
                0x0000000010008e10        0x4 CMakeFiles/microphone_dma.dir/home/lucasfrazao/pico-sdk/src/rp2_common/pico_standard_binary_info/standard_binary_info.c.o
 .binary_info.keep.__bi_ptr84
                0x0000000010008e14        0x4 CMakeFiles/microphone_dma.dir/home/lucasfrazao/pico-sdk/src/rp2_common/pico_standard_binary_info/standard_binary_info.c.o
 *(.binary_info.*)
 .binary_info.__bi_ptr197
                0x0000000010008e18        0x4 CMakeFiles/microphone_dma.dir/home/lucasfrazao/pico-sdk/src/rp2_common/pico_stdio_usb/stdio_usb.c.o
                0x0000000010008e1c                __binary_info_end = .

.rel.dyn        0x0000000010008e1c        0x0
 .rel.iplt      0x0000000010008e1c        0x0 /usr/share/gcc-arm-none-eabi-10.3-2021.10/bin/../lib/gcc/arm-none-eabi/10.3.1/thumb/v6-m/nofp/crtbegin.o
                0x0000000010008e1c                . = ALIGN (0x4)

.ram_vector_table
                0x0000000020000000       0xc0
 *(.ram_vector_table)
 .ram_vector_table
                0x0000000020000000       0xc0 CMakeFiles/microphone_dma.dir/home/lucasfrazao/pico-sdk/src/rp2_common/pico_runtime_init/runtime_init.c.o
                0x0000000020000000                ram_vector_table

.uninitialized_data
                0x00000000200000c0        0x0
                0x00000000200000c0                . = ALIGN (0x4)
 *(.uninitialized_data*)

.data           0x00000000200000c0     0x1820 load address 0x0000000010008e1c
                0x00000000200000c0                __data_start__ = .
 *(vtable)
 *(.time_critical*)
 .time_critical.mutex_try_enter
                0x00000000200000c0       0x44 CMakeFiles/microphone_dma.dir/home/lucasfrazao/pico-sdk/src/common/pico_sync/mutex.c.o
                0x00000000200000c0                mutex_try_enter
 .time_critical.mutex_try_enter_block_until
                0x0000000020000104       0x9c CMakeFiles/microphone_dma.dir/home/lucasfrazao/pico-sdk/src/common/pico_sync/mutex.c.o
                0x0000000020000104                mutex_try_enter_block_until
 .time_critical.mutex_enter_timeout_ms
                0x00000000200001a0       0x90 CMakeFiles/microphone_dma.dir/home/lucasfrazao/pico-sdk/src/common/pico_sync/mutex.c.o
                0x00000000200001a0                mutex_enter_timeout_ms
 .time_critical.mutex_exit
                0x0000000020000230       0x28 CMakeFiles/microphone_dma.dir/home/lucasfrazao/pico-sdk/src/common/pico_sync/mutex.c.o
                0x0000000020000230                mutex_exit
 .time_critical.flash_init_boot2_copyout
                0x0000000020000258       0x30 CMakeFiles/microphone_dma.dir/home/lucasfrazao/pico-sdk/src/rp2_common/hardware_flash/flash.c.o
 .time_critical.flash_enable_xip_via_boot2
                0x0000000020000288       0x10 CMakeFiles/microphone_dma.dir/home/lucasfrazao/pico-sdk/src/rp2_common/hardware_flash/flash.c.o
 .time_critical.flash_cs_force
                0x0000000020000298       0x38 CMakeFiles/microphone_dma.dir/home/lucasfrazao/pico-sdk/src/rp2_common/hardware_flash/flash.c.o
 .time_critical.flash_do_cmd
                0x00000000200002d0       0xc4 CMakeFiles/microphone_dma.dir/home/lucasfrazao/pico-sdk/src/rp2_common/hardware_flash/flash.c.o
                0x00000000200002d0                flash_do_cmd
 .time_critical.reset_non_control_endpoints
                0x0000000020000394       0xbc CMakeFiles/microphone_dma.dir/home/lucasfrazao/pico-sdk/lib/tinyusb/src/portable/raspberrypi/rp2040/dcd_rp2040.c.o
 .time_critical.hw_handle_buff_status
                0x0000000020000450       0x98 CMakeFiles/microphone_dma.dir/home/lucasfrazao/pico-sdk/lib/tinyusb/src/portable/raspberrypi/rp2040/dcd_rp2040.c.o
 .time_critical.dcd_rp2040_irq
                0x00000000200004e8      0x530 CMakeFiles/microphone_dma.dir/home/lucasfrazao/pico-sdk/lib/tinyusb/src/portable/raspberrypi/rp2040/dcd_rp2040.c.o
 .time_critical.prepare_ep_buffer
                0x0000000020000a18       0xf4 CMakeFiles/microphone_dma.dir/home/lucasfrazao/pico-sdk/lib/tinyusb/src/portable/raspberrypi/rp2040/rp2040_usb.c.o
 .time_critical.sync_ep_buffer
                0x0000000020000b0c       0xb4 CMakeFiles/microphone_dma.dir/home/lucasfrazao/pico-sdk/lib/tinyusb/src/portable/raspberrypi/rp2040/rp2040_usb.c.o
 .time_critical._hw_endpoint_xfer_sync
                0x0000000020000bc0       0x28 CMakeFiles/microphone_dma.dir/home/lucasfrazao/pico-sdk/lib/tinyusb/src/portable/raspberrypi/rp2040/rp2040_usb.c.o
 .time_critical.e15_is_bulkin_ep
                0x0000000020000be8       0x28 CMakeFiles/microphone_dma.dir/home/lucasfrazao/pico-sdk/lib/tinyusb/src/portable/raspberrypi/rp2040/rp2040_usb.c.o
 .time_critical.e15_is_critical_frame_period
                0x0000000020000c10       0x34 CMakeFiles/microphone_dma.dir/home/lucasfrazao/pico-sdk/lib/tinyusb/src/portable/raspberrypi/rp2040/rp2040_usb.c.o
 .time_critical.hw_endpoint_reset_transfer
                0x0000000020000c44        0xc CMakeFiles/microphone_dma.dir/home/lucasfrazao/pico-sdk/lib/tinyusb/src/portable/raspberrypi/rp2040/rp2040_usb.c.o
                0x0000000020000c44                hw_endpoint_reset_transfer
 .time_critical._hw_endpoint_buffer_control_update32
                0x0000000020000c50       0x50 CMakeFiles/microphone_dma.dir/home/lucasfrazao/pico-sdk/lib/tinyusb/src/portable/raspberrypi/rp2040/rp2040_usb.c.o
                0x0000000020000c50                _hw_endpoint_buffer_control_update32
 .time_critical.hw_endpoint_start_next_buffer
                0x0000000020000ca0       0x6c CMakeFiles/microphone_dma.dir/home/lucasfrazao/pico-sdk/lib/tinyusb/src/portable/raspberrypi/rp2040/rp2040_usb.c.o
                0x0000000020000ca0                hw_endpoint_start_next_buffer
 .time_critical.hw_endpoint_xfer_continue
                0x0000000020000d0c       0x40 CMakeFiles/microphone_dma.dir/home/lucasfrazao/pico-sdk/lib/tinyusb/src/portable/raspberrypi/rp2040/rp2040_usb.c.o
                0x0000000020000d0c                hw_endpoint_xfer_continue
 .time_critical.tinyusb
                0x0000000020000d4c      0x1f0 CMakeFiles/microphone_dma.dir/home/lucasfrazao/pico-sdk/lib/tinyusb/src/device/usbd.c.o
                0x0000000020000d4c                dcd_event_handler
 *(.text*)
 .text          0x0000000020000f3c        0x4 /usr/share/gcc-arm-none-eabi-10.3-2021.10/bin/../lib/gcc/arm-none-eabi/10.3.1/thumb/v6-m/nofp/libgcc.a(_dvmd_tls.o)
                0x0000000020000f3c                __aeabi_ldiv0
                0x0000000020000f3c                __aeabi_idiv0
 .text.__stub   0x0000000020000f40       0x80 linker stubs
                0x0000000020000fc0                . = ALIGN (0x4)
 *(.rodata*)
                0x0000000020000fc0                . = ALIGN (0x4)
 *(.data*)
 .data.striped_spin_lock_num
                0x0000000020000fc0        0x1 CMakeFiles/microphone_dma.dir/home/lucasfrazao/pico-sdk/src/rp2_common/hardware_sync/sync.c.o
 *fill*         0x0000000020000fc1        0x3 
 .data          0x0000000020000fc4       0x48 CMakeFiles/microphone_dma.dir/home/lucasfrazao/pico-sdk/src/rp2_common/hardware_irq/irq_handler_chain.S.o
                0x0000000020000fc4                irq_handler_chain_slots
                0x0000000020000ff4                irq_handler_chain_first_slot
                0x0000000020000ffe                irq_handler_chain_remove_tail
 .data.default_alarm_pool
                0x000000002000100c       0x18 CMakeFiles/microphone_dma.dir/home/lucasfrazao/pico-sdk/src/common/pico_time/time.c.o
 *fill*         0x0000000020001024        0xc 
 .data.aeabi_bits_funcs
                0x0000000020001030       0x10 CMakeFiles/microphone_dma.dir/home/lucasfrazao/pico-sdk/src/rp2_common/pico_bit_ops/bit_ops_aeabi.S.o
                0x0000000020001030                aeabi_bits_funcs
                0x0000000020001040                aeabi_bits_funcs_end
 .data.aeabi_mem_funcs
                0x0000000020001040       0x10 CMakeFiles/microphone_dma.dir/home/lucasfrazao/pico-sdk/src/rp2_common/pico_mem_ops/mem_ops_aeabi.S.o
                0x0000000020001040                aeabi_mem_funcs
                0x0000000020001050                aeabi_mem_funcs_end
 .data.stdio_usb
                0x0000000020001050       0x18 CMakeFiles/microphone_dma.dir/home/lucasfrazao/pico-sdk/src/rp2_common/pico_stdio_usb/stdio_usb.c.o
                0x0000000020001050                stdio_usb
 .data._usbd_qdef
                0x0000000020001068       0x1c CMakeFiles/microphone_dma.dir/home/lucasfrazao/pico-sdk/lib/tinyusb/src/device/usbd.c.o
                0x0000000020001068                _usbd_qdef
 .data._usbd_rhport
                0x0000000020001084        0x1 CMakeFiles/microphone_dma.dir/home/lucasfrazao/pico-sdk/lib/tinyusb/src/device/usbd.c.o
 *fill*         0x0000000020001085        0x3 
 .data.i2c0_inst
                0x0000000020001088        0x8 CMakeFiles/microphone_dma.dir/home/lucasfrazao/pico-sdk/src/rp2_common/hardware_i2c/i2c.c.o
                0x0000000020001088                i2c0_inst
 .data.i2c1_inst
                0x0000000020001090        0x8 CMakeFiles/microphone_dma.dir/home/lucasfrazao/pico-sdk/src/rp2_common/hardware_i2c/i2c.c.o
                0x0000000020001090                i2c1_inst
 .data._impure_ptr
                0x0000000020001098        0x4 /usr/share/gcc-arm-none-eabi-10.3-2021.10/bin/../lib/gcc/arm-none-eabi/10.3.1/../../../../arm-none-eabi/lib/thumb/v6-m/nofp/libg.a(lib_a-impure.o)
                0x0000000020001098                _impure_ptr
 *fill*         0x000000002000109c        0x4 
 .data.impure_data
                0x00000000200010a0      0x428 /usr/share/gcc-arm-none-eabi-10.3-2021.10/bin/../lib/gcc/arm-none-eabi/10.3.1/../../../../arm-none-eabi/lib/thumb/v6-m/nofp/libg.a(lib_a-impure.o)
 .data.__malloc_av_
                0x00000000200014c8      0x408 /usr/share/gcc-arm-none-eabi-10.3-2021.10/bin/../lib/gcc/arm-none-eabi/10.3.1/../../../../arm-none-eabi/lib/thumb/v6-m/nofp/libg.a(lib_a-mallocr.o)
                0x00000000200014c8                __malloc_av_
 .data.__malloc_sbrk_base
                0x00000000200018d0        0x4 /usr/share/gcc-arm-none-eabi-10.3-2021.10/bin/../lib/gcc/arm-none-eabi/10.3.1/../../../../arm-none-eabi/lib/thumb/v6-m/nofp/libg.a(lib_a-mallocr.o)
                0x00000000200018d0                __malloc_sbrk_base
 .data.__malloc_trim_threshold